Command: /home/qtoan/.espressif/python_env/idf5.5_py3.12_env/bin/python /home/qtoan/esp/esp-idf/tools/idf_monitor.py -p /dev/ttyUSB0 -b 115200 --toolchain-prefix xtensa-esp32-elf- --target esp32 --revision 0 /home/qtoan/esp/project/esp_mavlink/build/esp_mavlink.elf /home/qtoan/esp/project/esp_mavlink/build/bootloader/bootloader.elf -m '/home/qtoan/.espressif/python_env/idf5.5_py3.12_env/bin/python' '/home/qtoan/esp/esp-idf/tools/idf.py'
xxï¿½ï¿½xWï¿½ï¿½ï¿½ Multicore aï¿½ets Jul 29 2019 12:21:46

rst:0x1 (POWERON_RESET),boot:0x13 (SPI_FAST_FLASH_BOOT)
configsip: 0, SPIWP:0xee
clk_drv:0x00,q_drv:0x00,d_drv:0x00,cs0_drv:0x00,hd_drv:0x00,wp_drv:0x00
mode:DIO, clock div:2
load:0x3fff0030,len:6380
ho 0 tail 12 room 4
load:0x40078000,len:15916
load:0x40080400,len:3860
entry 0x40080638
[0;32mI (29) boot: ESP-IDF v5.5.1 2nd stage bootloader[0m
[0;32mI (29) boot: compile time Oct  1 2025 21:58:03[0m
[0;32mI (29) boot: Multicore bootloader[0m
[0;32mI (31) boot: chip revision: v3.1[0m
[0;32mI (33) boot.esp32: SPI Speed      : 40MHz[0m
[0;32mI (37) boot.esp32: SPI Mode       : DIO[0m
[0;32mI (41) boot.esp32: SPI Flash Size : 4MB[0m
[0;32mI (44) boot: Enabling RNG early entropy source...[0m
[0;32mI (49) boot: Partition Table:[0m
[0;32mI (51) boot: ## Label            Usage          Type ST Offset   Length[0m
[0;32mI (58) boot:  0 nvs              WiFi data        01 02 00009000 00006000[0m
[0;32mI (64) boot:  1 phy_init         RF data          01 01 0000f000 00001000[0m
[0;32mI (71) boot:  2 factory          factory app      00 00 00010000 00100000[0m
[0;32mI (77) boot: End of partition table[0m
[0;32mI (81) esp_image: segment 0: paddr=00010020 vaddr=3f400020 size=0c760h ( 51040) map[0m
[0;32mI (105) esp_image: segment 1: paddr=0001c788 vaddr=3ffb0000 size=023f8h (  9208) load[0m
[0;32mI (109) esp_image: segment 2: paddr=0001eb88 vaddr=40080000 size=01490h (  5264) load[0m
[0;32mI (111) esp_image: segment 3: paddr=00020020 vaddr=400d0020 size=17e98h ( 97944) map[0m
[0;32mI (150) esp_image: segment 4: paddr=00037ec0 vaddr=40081490 size=0cb8ch ( 52108) load[0m
[0;32mI (171) esp_image: segment 5: paddr=00044a54 vaddr=50000000 size=00020h (    32) load[0m
[0;32mI (178) boot: Loaded app from partition at offset 0x10000[0m
[0;32mI (178) boot: Disabling RNG early entropy source...[0m
[0;32mI (189) cpu_start: Multicore app[0m
[0;32mI (197) cpu_start: Pro cpu start user code[0m
[0;32mI (197) cpu_start: cpu freq: 160000000 Hz[0m
[0;32mI (197) app_init: Application information:[0m
[0;32mI (197) app_init: Project name:     esp_mavlink[0m
[0;32mI (202) app_init: App version:      1[0m
[0;32mI (205) app_init: Compile time:     Oct  1 2025 23:53:56[0m
[0;32mI (210) app_init: ELF file SHA256:  ffc263ac0...[0m
[0;32mI (214) app_init: ESP-IDF:          v5.5.1[0m
[0;32mI (218) efuse_init: Min chip rev:     v0.0[0m
[0;32mI (222) efuse_init: Max chip rev:     v3.99 [0m
[0;32mI (226) efuse_init: Chip rev:         v3.1[0m
[0;32mI (230) heap_init: Initializing. RAM available for dynamic allocation:[0m
[0;32mI (236) heap_init: At 3FFAE6E0 len 00001920 (6 KiB): DRAM[0m
[0;32mI (241) heap_init: At 3FFB36C8 len 0002C938 (178 KiB): DRAM[0m
[0;32mI (247) heap_init: At 3FFE0440 len 00003AE0 (14 KiB): D/IRAM[0m
[0;32mI (252) heap_init: At 3FFE4350 len 0001BCB0 (111 KiB): D/IRAM[0m
[0;32mI (257) heap_init: At 4008E01C len 00011FE4 (71 KiB): IRAM[0m
[0;33mW (264) spi_flash: Detected boya flash chip but using generic driver. For optimal functionality, enable `SPI_FLASH_SUPPORT_BOYA_CHIP` in menuconfig[0m
[0;32mI (276) spi_flash: detected chip: generic[0m
[0;32mI (279) spi_flash: flash io: dio[0m
[0;32mI (283) main_task: Started on CPU0[0m
[0;32mI (293) main_task: Calling app_main()[0m
[0;32mI (293) control_pixhawk: Wrote 44 bytes[0m
[0;32mI (2003) control_pixhawk: Read 280 bytes[0m
07 00 00 00 00 00 00 00 00 00 00 00 00 00 00 00 00 00 F0 00 00 FF 00 00 FF 00 00 FC 00 00 FF 00 00 FF 01 00 C0 00 00 FF 00 00 00 FC 00 00 00 FE 00 80 00 00 80 00 E0 00 00 C0 00 C0 FF 00 00 FF 01 00 FF 00 00 00 00 FD 00 00 00 FF 00 C0 00 00 00 FE 00 00 00 00 00 00 00 00 00 FF 00 00 00 FE 00 00 20 00 00 FF 00 00 80 00 00 00 FF 00 00 00 FF 00 00 80 00 00 FF 00 00 FF 00 00 00 FF 00 C0 00 00 FF 00 E0 00 80 00 00 1F 00 00 00 00 00 FF 00 00 FE 00 00 FF 01 00 00 FE 00 00 00 00 00 00 FF 00 00 FC 00 00 00 FF 01 00 00 00 00 FC 00 F0 00 00 00 FF 00 00 00 FE 00 00 80 00 00 00 00 FF 00 00 00 00 00 00 FF 00 00 00 03 00 00 00 00 00 00 00 FF 00 00 00 FF 00 00 00 FE 00 00 00 00 00 FF 00 00 00 00 80 00 A0 00 00 80 00 00 80 00 00 FE 00 00 00 FC 00 00 FF 00 00 00 FF 00 C0 00 00 00 FC 00 00 80 00 00 00 FE 00 00 00 00 00 00 00 00 FF 00 00 00 00 00 00 
