Command: /home/qtoan/.espressif/python_env/idf5.5_py3.12_env/bin/python /home/qtoan/esp/esp-idf/tools/idf_monitor.py -p /dev/ttyUSB0 -b 115200 --toolchain-prefix xtensa-esp32-elf- --target esp32 --revision 0 /home/qtoan/esp/project/esp_mavlink/build/esp_mavlink.elf /home/qtoan/esp/project/esp_mavlink/build/bootloader/bootloader.elf -m '/home/qtoan/.espressif/python_env/idf5.5_py3.12_env/bin/python' '/home/qtoan/esp/esp-idf/tools/idf.py'
ï¿½xxx}ï¿½ï¿½ï¿½ï¿½ï¿½ ï¿½ets Jul 29 2019 12:21:46

rst:0x1 (POWERON_RESET),boot:0x13 (SPI_FAST_FLASH_BOOT)
configsip: 0, SPIWP:0xee
clk_drv:0x00,q_drv:0x00,d_drv:0x00,cs0_drv:0x00,hd_drv:0x00,wp_drv:0x00
mode:DIO, clock div:2
load:0x3fff0030,len:6380
ho 0 tail 12 room 4
load:0x40078000,len:15916
load:0x40080400,len:3860
entry 0x40080638
[0;32mI (29) boot: ESP-IDF v5.5.1 2nd stage bootloader[0m
[0;32mI (29) boot: compile time Oct  1 2025 21:58:03[0m
[0;32mI (29) boot: Multicore bootloader[0m
[0;32mI (31) boot: chip revision: v3.1[0m
[0;32mI (33) boot.esp32: SPI Speed      : 40MHz[0m
[0;32mI (37) boot.esp32: SPI Mode       : DIO[0m
[0;32mI (41) boot.esp32: SPI Flash Size : 4MB[0m
[0;32mI (44) boot: Enabling RNG early entropy source...[0m
[0;32mI (49) boot: Partition Table:[0m
[0;32mI (51) boot: ## Label            Usage          Type ST Offset   Length[0m
[0;32mI (58) boot:  0 nvs              WiFi data        01 02 00009000 00006000[0m
[0;32mI (64) boot:  1 phy_init         RF data          01 01 0000f000 00001000[0m
[0;32mI (71) boot:  2 factory          factory app      00 00 00010000 00100000[0m
[0;32mI (77) boot: End of partition table[0m
[0;32mI (81) esp_image: segment 0: paddr=00010020 vaddr=3f400020 size=0b0e8h ( 45288) map[0m
[0;32mI (103) esp_image: segment 1: paddr=0001b110 vaddr=3ffb0000 size=023f8h (  9208) load[0m
[0;32mI (107) esp_image: segment 2: paddr=0001d510 vaddr=40080000 size=02b08h ( 11016) load[0m
[0;32mI (112) esp_image: segment 3: paddr=00020020 vaddr=400d0020 size=168a4h ( 92324) map[0m
[0;32mI (146) esp_image: segment 4: paddr=000368cc vaddr=40082b08 size=0b4e4h ( 46308) load[0m
[0;32mI (165) esp_image: segment 5: paddr=00041db8 vaddr=50000000 size=00020h (    32) load[0m
[0;32mI (172) boot: Loaded app from partition at offset 0x10000[0m
[0;32mI (172) boot: Disabling RNG early entropy source...[0m
[0;32mI (183) cpu_start: Multicore app[0m
[0;32mI (191) cpu_start: Pro cpu start user code[0m
[0;32mI (191) cpu_start: cpu freq: 160000000 Hz[0m
[0;32mI (191) app_init: Application information:[0m
[0;32mI (191) app_init: Project name:     esp_mavlink[0m
[0;32mI (196) app_init: App version:      1[0m
[0;32mI (199) app_init: Compile time:     Oct  1 2025 23:53:56[0m
[0;32mI (204) app_init: ELF file SHA256:  1358beea3...[0m
[0;32mI (208) app_init: ESP-IDF:          v5.5.1[0m
[0;32mI (212) efuse_init: Min chip rev:     v0.0[0m
[0;32mI (216) efuse_init: Max chip rev:     v3.99 [0m
[0;32mI (220) efuse_init: Chip rev:         v3.1[0m
[0;32mI (224) heap_init: Initializing. RAM available for dynamic allocation:[0m
[0;32mI (230) heap_init: At 3FFAE6E0 len 00001920 (6 KiB): DRAM[0m
[0;32mI (235) heap_init: At 3FFB2D40 len 0002D2C0 (180 KiB): DRAM[0m
[0;32mI (240) heap_init: At 3FFE0440 len 00003AE0 (14 KiB): D/IRAM[0m
[0;32mI (246) heap_init: At 3FFE4350 len 0001BCB0 (111 KiB): D/IRAM[0m
[0;32mI (251) heap_init: At 4008DFEC len 00012014 (72 KiB): IRAM[0m
[0;33mW (258) spi_flash: Detected boya flash chip but using generic driver. For optimal functionality, enable `SPI_FLASH_SUPPORT_BOYA_CHIP` in menuconfig[0m
[0;32mI (270) spi_flash: detected chip: generic[0m
[0;32mI (273) spi_flash: flash io: dio[0m
[0;32mI (277) main_task: Started on CPU0[0m
[0;32mI (287) main_task: Calling app_main()[0m
Hello world!
This is esp32 chip with 2 CPU core(s), WiFi/BTBLE, silicon revision v3.1, 4MB external flash
Minimum free heap size: 301444 bytes
Restarting in 10 seconds...
Restarting in 9 seconds...
Restarting in 8 seconds...
Restarting in 7 seconds...
Restarting in 6 seconds...
Restarting in 5 seconds...
Restarting in 4 seconds...
Restarting in 3 seconds...
Restarting in 2 seconds...
Restarting in 1 seconds...
Restarting in 0 seconds...
Restarting now.
This is a test function from global component.
This is a test function from control_pixhawk component.
[0;32mI (11297) control_pixhawk: Sent HEARTBEAT (21 bytes)[0m
[0;32mI (16297) control_pixhawk: Sent HEARTBEAT (21 bytes)[0m
[0;32mI (21297) control_pixhawk: Sent HEARTBEAT (21 bytes)[0m
[0;32mI (26297) control_pixhawk: Sent HEARTBEAT (21 bytes)[0m
[0;32mI (31297) control_pixhawk: Sent HEARTBEAT (21 bytes)[0m
[0;32mI (36297) control_pixhawk: Sent HEARTBEAT (21 bytes)[0m
[0;32mI (41297) control_pixhawk: Sent HEARTBEAT (21 bytes)[0m
[0;32mI (46297) control_pixhawk: Sent HEARTBEAT (21 bytes)[0m
[0;32mI (51297) control_pixhawk: Sent HEARTBEAT (21 bytes)[0m
[0;32mI (56297) control_pixhawk: Sent HEARTBEAT (21 bytes)[0m
[0;32mI (61297) control_pixhawk: Sent HEARTBEAT (21 bytes)[0m
[0;32mI (66297) control_pixhawk: Sent HEARTBEAT (21 bytes)[0m
[0;32mI (71297) control_pixhawk: Sent HEARTBEAT (21 bytes)[0m
[0;32mI (76297) control_pixhawk: Sent HEARTBEAT (21 bytes)[0m
[0;32mI (81297) control_pixhawk: Sent HEARTBEAT (21 bytes)[0m
[0;32mI (86297) control_pixhawk: Sent HEARTBEAT (21 bytes)[0m
[0;32mI (91297) control_pixhawk: Sent HEARTBEAT (21 bytes)[0m
[0;32mI (96297) control_pixhawk: Sent HEARTBEAT (21 bytes)[0m
[0;32mI (101297) control_pixhawk: Sent HEARTBEAT (21 bytes)[0m
[0;32mI (106297) control_pixhawk: Sent HEARTBEAT (21 bytes)[0m
[0;32mI (111297) control_pixhawk: Sent HEARTBEAT (21 bytes)[0m
[0;32mI (116297) control_pixhawk: Sent HEARTBEAT (21 bytes)[0m
[0;32mI (121297) control_pixhawk: Sent HEARTBEAT (21 bytes)[0m
[0;32mI (126297) control_pixhawk: Sent HEARTBEAT (21 bytes)[0m
[0;32mI (131297) control_pixhawk: Sent HEARTBEAT (21 bytes)[0m
[0;32mI (136297) control_pixhawk: Sent HEARTBEAT (21 bytes)[0m
[0;32mI (141297) control_pixhawk: Sent HEARTBEAT (21 bytes)[0m
[0;32mI (146297) control_pixhawk: Sent HEARTBEAT (21 bytes)[0m
[0;32mI (151297) control_pixhawk: Sent HEARTBEAT (21 bytes)[0m
[0;32mI (156297) control_pixhawk: Sent HEARTBEAT (21 bytes)[0m
[0;32mI (161297) control_pixhawk: Sent HEARTBEAT (21 bytes)[0m
[0;32mI (166297) control_pixhawk: Sent HEARTBEAT (21 bytes)[0m
[0;32mI (171297) control_pixhawk: Sent HEARTBEAT (21 bytes)[0m
[0;32mI (176297) control_pixhawk: Sent HEARTBEAT (21 bytes)[0m
[0;32mI (181297) control_pixhawk: Sent HEARTBEAT (21 bytes)[0m
[0;32mI (186297) control_pixhawk: Sent HEARTBEAT (21 bytes)[0m
[0;32mI (191297) control_pixhawk: Sent HEARTBEAT (21 bytes)[0m
[0;32mI (196297) control_pixhawk: Sent HEARTBEAT (21 bytes)[0m
[0;32mI (201297) control_pixhawk: Sent HEARTBEAT (21 bytes)[0m
[0;32mI (206297) control_pixhawk: Sent HEARTBEAT (21 bytes)[0m
[0;32mI (211297) control_pixhawk: Sent HEARTBEAT (21 bytes)[0m
[0;32mI (216297) control_pixhawk: Sent HEARTBEAT (21 bytes)[0m
[0;32mI (221297) control_pixhawk: Sent HEARTBEAT (21 bytes)[0m
[0;32mI (226297) control_pixhawk: Sent HEARTBEAT (21 bytes)[0m
[0;32mI (231297) control_pixhawk: Sent HEARTBEAT (21 bytes)[0m
[0;32mI (236297) control_pixhawk: Sent HEARTBEAT (21 bytes)[0m
[0;32mI (241297) control_pixhawk: Sent HEARTBEAT (21 bytes)[0m
[0;32mI (246297) control_pixhawk: Sent HEARTBEAT (21 bytes)[0m
[0;32mI (251297) control_pixhawk: Sent HEARTBEAT (21 bytes)[0m
[0;32mI (256297) control_pixhawk: Sent HEARTBEAT (21 bytes)[0m
[0;32mI (261297) control_pixhawk: Sent HEARTBEAT (21 bytes)[0m
[0;32mI (266297) control_pixhawk: Sent HEARTBEAT (21 bytes)[0m
[0;32mI (271297) control_pixhawk: Sent HEARTBEAT (21 bytes)[0m
[0;32mI (276297) control_pixhawk: Sent HEARTBEAT (21 bytes)[0m
[0;32mI (281297) control_pixhawk: Sent HEARTBEAT (21 bytes)[0m
[0;32mI (286297) control_pixhawk: Sent HEARTBEAT (21 bytes)[0m
[0;32mI (291297) control_pixhawk: Sent HEARTBEAT (21 bytes)[0m
[0;32mI (296297) control_pixhawk: Sent HEARTBEAT (21 bytes)[0m
[0;32mI (301297) control_pixhawk: Sent HEARTBEAT (21 bytes)[0m
[0;32mI (306297) control_pixhawk: Sent HEARTBEAT (21 bytes)[0m
[0;32mI (311297) control_pixhawk: Sent HEARTBEAT (21 bytes)[0m
[0;32mI (316297) control_pixhawk: Sent HEARTBEAT (21 bytes)[0m
[0;32mI (321297) control_pixhawk: Sent HEARTBEAT (21 bytes)[0m
[0;32mI (326297) control_pixhawk: Sent HEARTBEAT (21 bytes)[0m
[0;32mI (331297) control_pixhawk: Sent HEARTBEAT (21 bytes)[0m
[0;32mI (336297) control_pixhawk: Sent HEARTBEAT (21 bytes)[0m
[0;32mI (341297) control_pixhawk: Sent HEARTBEAT (21 bytes)[0m
[0;32mI (346297) control_pixhawk: Sent HEARTBEAT (21 bytes)[0m
