Command: /home/qtoan/.espressif/python_env/idf5.5_py3.12_env/bin/python /home/qtoan/esp/esp-idf/tools/idf_monitor.py -p /dev/ttyUSB0 -b 115200 --toolchain-prefix xtensa-esp32-elf- --target esp32 --revision 0 /home/qtoan/esp/project/esp_mavlink/build/esp_mavlink.elf /home/qtoan/esp/project/esp_mavlink/build/bootloader/bootloader.elf -m '/home/qtoan/.espressif/python_env/idf5.5_py3.12_env/bin/python' '/home/qtoan/esp/esp-idf/tools/idf.py'
ï¿½xï¿½xï¿½xxï¿½Ñ¥ï¿½ï¿½ï¿½ets Jul 29 2019 12:21:46

rst:0x1 (POWERON_RESET),boot:0x13 (SPI_FAST_FLASH_BOOT)
configsip: 0, SPIWP:0xee
clk_drv:0x00,q_drv:0x00,d_drv:0x00,cs0_drv:0x00,hd_drv:0x00,wp_drv:0x00
mode:DIO, clock div:2
load:0x3fff0030,len:6380
ho 0 tail 12 room 4
load:0x40078000,len:15916
load:0x40080400,len:3860
entry 0x40080638
[0;32mI (29) boot: ESP-IDF v5.5.1 2nd stage bootloader[0m
[0;32mI (29) boot: compile time Oct  1 2025 21:58:03[0m
[0;32mI (29) boot: Multicore bootloader[0m
[0;32mI (31) boot: chip revision: v3.1[0m
[0;32mI (33) boot.esp32: SPI Speed      : 40MHz[0m
[0;32mI (37) boot.esp32: SPI Mode       : DIO[0m
[0;32mI (41) boot.esp32: SPI Flash Size : 4MB[0m
[0;32mI (44) boot: Enabling RNG early entropy source...[0m
[0;32mI (49) boot: Partition Table:[0m
[0;32mI (51) boot: ## Label            Usage          Type ST Offset   Length[0m
[0;32mI (58) boot:  0 nvs              WiFi data        01 02 00009000 00006000[0m
[0;32mI (64) boot:  1 phy_init         RF data          01 01 0000f000 00001000[0m
[0;32mI (71) boot:  2 factory          factory app      00 00 00010000 00100000[0m
[0;32mI (77) boot: End of partition table[0m
[0;32mI (81) esp_image: segment 0: paddr=00010020 vaddr=3f400020 size=076e0h ( 30432) map[0m
[0;32mI (98) esp_image: segment 1: paddr=00017708 vaddr=3ffb0000 size=021e8h (  8680) load[0m
[0;32mI (102) esp_image: segment 2: paddr=000198f8 vaddr=40080000 size=06720h ( 26400) load[0m
[0;32mI (113) esp_image: segment 3: paddr=00020020 vaddr=400d0020 size=0fd6ch ( 64876) map[0m
[0;32mI (136) esp_image: segment 4: paddr=0002fd94 vaddr=40086720 size=0641ch ( 25628) load[0m
[0;32mI (146) esp_image: segment 5: paddr=000361b8 vaddr=50000000 size=00020h (    32) load[0m
[0;32mI (152) boot: Loaded app from partition at offset 0x10000[0m
[0;32mI (152) boot: Disabling RNG early entropy source...[0m
[0;32mI (164) cpu_start: Multicore app[0m
[0;32mI (172) cpu_start: Pro cpu start user code[0m
[0;32mI (172) cpu_start: cpu freq: 160000000 Hz[0m
[0;32mI (172) app_init: Application information:[0m
[0;32mI (172) app_init: Project name:     esp_mavlink[0m
[0;32mI (177) app_init: App version:      1[0m
[0;32mI (180) app_init: Compile time:     Oct  1 2025 21:58:00[0m
[0;32mI (185) app_init: ELF file SHA256:  09c0df5e2...[0m
[0;32mI (189) app_init: ESP-IDF:          v5.5.1[0m
[0;32mI (193) efuse_init: Min chip rev:     v0.0[0m
[0;32mI (197) efuse_init: Max chip rev:     v3.99 [0m
[0;32mI (201) efuse_init: Chip rev:         v3.1[0m
[0;32mI (205) heap_init: Initializing. RAM available for dynamic allocation:[0m
[0;32mI (211) heap_init: At 3FFAE6E0 len 00001920 (6 KiB): DRAM[0m
[0;32mI (216) heap_init: At 3FFB2A58 len 0002D5A8 (181 KiB): DRAM[0m
[0;32mI (222) heap_init: At 3FFE0440 len 00003AE0 (14 KiB): D/IRAM[0m
[0;32mI (227) heap_init: At 3FFE4350 len 0001BCB0 (111 KiB): D/IRAM[0m
[0;32mI (232) heap_init: At 4008CB3C len 000134C4 (77 KiB): IRAM[0m
[0;33mW (238) spi_flash: Detected boya flash chip but using generic driver. For optimal functionality, enable `SPI_FLASH_SUPPORT_BOYA_CHIP` in menuconfig[0m
[0;32mI (251) spi_flash: detected chip: generic[0m
[0;32mI (254) spi_flash: flash io: dio[0m
[0;32mI (258) main_task: Started on CPU0[0m
[0;32mI (268) main_task: Calling app_main()[0m
Hello world!
This is esp32 chip with 2 CPU core(s), WiFi/BTBLE, silicon revision v3.1, 4MB external flash
Minimum free heap size: 306064 bytes
Restarting in 10 seconds...
Restarting in 9 seconds...
Restarting in 8 seconds...
Restarting in 7 seconds...
Restarting in 6 seconds...
Restarting in 5 seconds...
Restarting in 4 seconds...
Restarting in 3 seconds...
Restarting in 2 seconds...
Restarting in 1 seconds...
Restarting in 0 seconds...
Restarting now.
This is a test function from global component.
[0;32mI (11278) main_task: Returned from app_main()[0m
