Command: /home/qtoan/.espressif/python_env/idf5.5_py3.12_env/bin/python /home/qtoan/esp/esp-idf/tools/idf_monitor.py -p /dev/ttyUSB0 -b 115200 --toolchain-prefix xtensa-esp32-elf- --target esp32 --revision 0 /home/qtoan/esp/project/esp_mavlink/build/esp_mavlink.elf /home/qtoan/esp/project/esp_mavlink/build/bootloader/bootloader.elf -m '/home/qtoan/.espressif/python_env/idf5.5_py3.12_env/bin/python' '/home/qtoan/esp/esp-idf/tools/idf.py'
xxï¿½xï¿½x
ets Jul 29 2019 12:21:46

rst:0x1 (POWERON_RESET),boot:0x13 (SPI_FAST_FLASH_BOOT)
configsip: 0, SPIWP:0xee
clk_drv:0x00,q_drv:0x00,d_drv:0x00,cs0_drv:0x00,hd_drv:0x00,wp_drv:0x00
mode:DIO, clock div:2
load:0x3fff0030,len:6380
ho 0 tail 12 room 4
load:0x40078000,len:15916
load:0x40080400,len:3860
entry 0x40080638
[0;32mI (29) boot: ESP-IDF v5.5.1 2nd stage bootloader[0m
[0;32mI (29) boot: compile time Oct  1 2025 21:58:03[0m
[0;32mI (29) boot: Multicore bootloader[0m
[0;32mI (31) boot: chip revision: v3.1[0m
[0;32mI (33) boot.esp32: SPI Speed      : 40MHz[0m
[0;32mI (37) boot.esp32: SPI Mode       : DIO[0m
[0;32mI (41) boot.esp32: SPI Flash Size : 4MB[0m
[0;32mI (44) boot: Enabling RNG early entropy source...[0m
[0;32mI (49) boot: Partition Table:[0m
[0;32mI (51) boot: ## Label            Usage          Type ST Offset   Length[0m
[0;32mI (58) boot:  0 nvs              WiFi data        01 02 00009000 00006000[0m
[0;32mI (64) boot:  1 phy_init         RF data          01 01 0000f000 00001000[0m
[0;32mI (71) boot:  2 factory          factory app      00 00 00010000 00100000[0m
[0;32mI (77) boot: End of partition table[0m
[0;32mI (81) esp_image: segment 0: paddr=00010020 vaddr=3f400020 size=0bda0h ( 48544) map[0m
[0;32mI (105) esp_image: segment 1: paddr=0001bdc8 vaddr=3ffb0000 size=023f8h (  9208) load[0m
[0;32mI (108) esp_image: segment 2: paddr=0001e1c8 vaddr=40080000 size=01e50h (  7760) load[0m
[0;32mI (112) esp_image: segment 3: paddr=00020020 vaddr=400d0020 size=1747ch ( 95356) map[0m
[0;32mI (149) esp_image: segment 4: paddr=000374a4 vaddr=40081e50 size=0c200h ( 49664) load[0m
[0;32mI (168) esp_image: segment 5: paddr=000436ac vaddr=50000000 size=00020h (    32) load[0m
[0;32mI (175) boot: Loaded app from partition at offset 0x10000[0m
[0;32mI (175) boot: Disabling RNG early entropy source...[0m
[0;32mI (186) cpu_start: Multicore app[0m
[0;32mI (195) cpu_start: Pro cpu start user code[0m
[0;32mI (195) cpu_start: cpu freq: 160000000 Hz[0m
[0;32mI (195) app_init: Application information:[0m
[0;32mI (195) app_init: Project name:     esp_mavlink[0m
[0;32mI (199) app_init: App version:      1[0m
[0;32mI (202) app_init: Compile time:     Oct  1 2025 23:53:56[0m
[0;32mI (207) app_init: ELF file SHA256:  f7062379e...[0m
[0;32mI (212) app_init: ESP-IDF:          v5.5.1[0m
[0;32mI (216) efuse_init: Min chip rev:     v0.0[0m
[0;32mI (219) efuse_init: Max chip rev:     v3.99 [0m
[0;32mI (223) efuse_init: Chip rev:         v3.1[0m
[0;32mI (228) heap_init: Initializing. RAM available for dynamic allocation:[0m
[0;32mI (234) heap_init: At 3FFAE6E0 len 00001920 (6 KiB): DRAM[0m
[0;32mI (239) heap_init: At 3FFB31C8 len 0002CE38 (179 KiB): DRAM[0m
[0;32mI (244) heap_init: At 3FFE0440 len 00003AE0 (14 KiB): D/IRAM[0m
[0;32mI (249) heap_init: At 3FFE4350 len 0001BCB0 (111 KiB): D/IRAM[0m
[0;32mI (255) heap_init: At 4008E050 len 00011FB0 (71 KiB): IRAM[0m
[0;33mW (261) spi_flash: Detected boya flash chip but using generic driver. For optimal functionality, enable `SPI_FLASH_SUPPORT_BOYA_CHIP` in menuconfig[0m
[0;32mI (273) spi_flash: detected chip: generic[0m
[0;32mI (277) spi_flash: flash io: dio[0m
[0;32mI (280) main_task: Started on CPU0[0m
[0;32mI (290) main_task: Calling app_main()[0m
Hello world!
This is esp32 chip with 2 CPU core(s), WiFi/BTBLE, silicon revision v3.1, 4MB external flash
Minimum free heap size: 300284 bytes
Restarting in 10 seconds...
Restarting in 9 seconds...
Restarting in 8 seconds...
Restarting in 7 seconds...
Restarting in 6 seconds...
Restarting in 5 seconds...
Restarting in 4 seconds...
Restarting in 3 seconds...
Restarting in 2 seconds...
Restarting in 1 seconds...
Restarting in 0 seconds...
Restarting now.
This is a test function from global component.
This is a test function from control_pixhawk component.
[0;32mI (11300) control_pixhawk: Wrote 44 bytes[0m
FD 20 00 00 00 01 C8 4C 00 00 00 00 00 00 00 98 A5 46 00 00 00 00 00 00 00 00 00 00 00 00 00 00 00 00 00 00 00 00 90 01 01 01 DB 28 
[0;32mI (11410) control_pixhawk: Read 5 bytes[0m
01 FF 00 00 FE 
[0;32mI (16410) control_pixhawk: Wrote 44 bytes[0m
FD 20 00 00 01 01 C8 4C 00 00 00 00 00 00 00 98 A5 46 00 00 00 00 00 00 00 00 00 00 00 00 00 00 00 00 00 00 00 00 90 01 01 01 35 62 
[0;33mW (16510) control_pixhawk: No response received[0m

[0;32mI (21510) control_pixhawk: Wrote 44 bytes[0m
FD 20 00 00 02 01 C8 4C 00 00 00 00 00 00 00 98 A5 46 00 00 00 00 00 00 00 00 00 00 00 00 00 00 00 00 00 00 00 00 90 01 01 01 07 BD 
[0;32mI (21640) control_pixhawk: Read 54 bytes[0m
03 F8 03 00 FD 22 00 01 94 FF 7F 21 00 00 00 00 00 00 00 00 00 00 00 00 00 00 00 00 00 00 00 00 10 00 00 00 00 00 00 00 00 00 00 00 00 00 00 00 00 00 FA 01 40 FE 
[0;32mI (26640) control_pixhawk: Wrote 44 bytes[0m
FD 20 00 00 03 01 C8 4C 00 00 00 00 00 00 00 98 A5 46 00 00 00 00 00 00 00 00 00 00 00 00 00 00 00 00 00 00 00 00 90 01 01 01 E9 F7 
[0;32mI (26770) control_pixhawk: Read 17 bytes[0m
47 B0 80 F8 F7 00 00 00 00 00 0C 10 02 FE 00 80 FF 
[0;32mI (31770) control_pixhawk: Wrote 44 bytes[0m
FD 20 00 00 04 01 C8 4C 00 00 00 00 00 00 00 98 A5 46 00 00 00 00 00 00 00 00 00 00 00 00 00 00 00 00 00 00 00 00 90 01 01 01 72 0B 
[0;32mI (31900) control_pixhawk: Read 19 bytes[0m
01 80 7D FF 15 00 00 38 FE 95 43 00 00 00 00 D8 0C 00 DD 
[0;32mI (36900) control_pixhawk: Wrote 44 bytes[0m
FD 20 00 00 05 01 C8 4C 00 00 00 00 00 00 00 98 A5 46 00 00 00 00 00 00 00 00 00 00 00 00 00 00 00 00 00 00 00 00 90 01 01 01 9C 41 
[0;32mI (37030) control_pixhawk: Read 21 bytes[0m
03 00 80 7F 07 00 08 7E DD FF 08 00 00 00 00 00 00 00 E0 01 40 
[0;32mI (42030) control_pixhawk: Wrote 44 bytes[0m
FD 20 00 00 06 01 C8 4C 00 00 00 00 00 00 00 98 A5 46 00 00 00 00 00 00 00 00 00 00 00 00 00 00 00 00 00 00 00 00 90 01 01 01 AE 9E 
[0;32mI (42160) control_pixhawk: Read 21 bytes[0m
03 00 B4 FC 7F 00 00 E9 FF BF 00 00 00 00 00 00 F6 00 00 48 FB 
[0;32mI (47160) control_pixhawk: Wrote 44 bytes[0m
FD 20 00 00 07 01 C8 4C 00 00 00 00 00 00 00 98 A5 46 00 00 00 00 00 00 00 00 00 00 00 00 00 00 00 00 00 00 00 00 90 01 01 01 40 D4 
[0;32mI (47290) control_pixhawk: Read 19 bytes[0m
02 C0 1F 00 00 08 26 D7 F7 00 00 00 00 00 00 00 F8 01 E0 
[0;32mI (52290) control_pixhawk: Wrote 44 bytes[0m
FD 20 00 00 08 01 C8 4C 00 00 00 00 00 00 00 98 A5 46 00 00 00 00 00 00 00 00 00 00 00 00 00 00 00 00 00 00 00 00 90 01 01 01 89 6F 
[0;32mI (52290) control_pixhawk: Read 280 bytes[0m
47 00 FC 13 00 00 20 50 18 0A 01 00 00 00 00 00 00 00 00 00 00 00 00 00 8A 02 00 00 00 00 60 FE F3 20 0A 00 00 00 4B FF 23 00 B0 FB 4E 02 FC 27 00 00 FF 07 E8 03 FE 04 FE 01 00 FE 00 FE 00 FE 00 FE 00 FF 00 FF 00 FF 00 FE 00 FE 00 FE 00 FE 00 FF 00 FE 00 FC 00 00 FF 00 01 FE 00 F8 01 FC 00 FD 00 FE 01 FF 00 FC 01 F9 00 F8 00 FE 00 FC 00 FC 00 FF 02 FD 00 FF 00 FF 01 FF 01 FB 01 FE 00 F8 00 FF 00 FE 00 FC 01 FF 00 FF 00 FE 00 FF 00 FE 00 F8 00 FF 00 FE 00 FF 00 03 FF 00 FF 00 FE 00 FE 00 00 FF 01 FF 00 00 01 FF 01 FE 00 FF 00 00 00 FF 01 FE 00 FC 00 DE 00 F8 00 FA 00 FA 00 DC 02 FF 02 FF 00 FF 00 FE 00 00 FE 00 FE 00 FE 00 01 01 FE 01 FF 01 FC 00 FF 00 FC 00 FE 01 FF 00 00 FF 00 00 FF 00 FF 03 F8 00 FF 00 FF 00 FF 01 00 FF 01 FD 00 FF 00 FA 00 FF 00 00 FF 02 FE 00 FE 00 FE 00 FC 00 FC 00 FE 00 FF 00 FE 00 FD 00 FE 03 FF 00 00 FF 
[0;32mI (57370) control_pixhawk: Wrote 44 bytes[0m
FD 20 00 00 09 01 C8 4C 00 00 00 00 00 00 00 98 A5 46 00 00 00 00 00 00 00 00 00 00 00 00 00 00 00 00 00 00 00 00 90 01 01 01 67 25 
[0;32mI (57370) control_pixhawk: Read 280 bytes[0m
01 FE 00 FF 00 00 FF 00 FF 00 FE 00 FF 03 FF 00 FD 01 FE 00 FE 00 FE 00 FF 01 FC 01 FC 00 FE 00 00 FE 00 FE 00 FA 00 FF 00 FE 00 FD 00 FA 00 F2 00 FF 00 FA 00 FC 00 FE 01 FE 00 FE 00 FF 00 FF 00 F0 00 FB 02 D8 01 FC 01 FA 01 D8 03 F9 01 FF 03 F8 00 FE 00 F8 00 80 02 D8 02 80 01 F8 01 FA 00 FF 00 F0 03 FF 01 D0 00 FF 01 FB 01 FE 02 FE 01 FA 00 FA 01 FF 02 FB 01 FA 00 F2 02 FB 00 00 00 FF 01 FE 01 FE 03 F8 00 C8 02 D8 01 F4 03 D8 01 FA 02 D9 02 D9 03 FB 07 BE 00 FB 01 F0 00 FC 02 FF 02 F8 00 F8 00 F8 00 FC 01 80 01 B1 01 C8 01 D0 01 C0 00 10 FE 03 58 01 E0 FF 01 D2 FB 01 80 01 80 FD 02 C8 04 C0 01 48 FF 00 48 FF 02 08 FB 00 92 FF 02 C5 FF 00 40 FA 01 40 FA 03 00 D2 01 90 FF 00 C0 FA 01 88 BC 03 40 AD 00 00 B7 00 40 FF 04 01 FD FF 07 10 EA 03 08 FD 01 00 C0 00 80 F4 0B 40 F0 06 10 B0 00 A3 FF 00 40 EE 02 40 64 03 90 F1 07 58 FE 03 
[0;32mI (62450) control_pixhawk: Wrote 44 bytes[0m
FD 20 00 00 0A 01 C8 4C 00 00 00 00 00 00 00 98 A5 46 00 00 00 00 00 00 00 00 00 00 00 00 00 00 00 00 00 00 00 00 90 01 01 01 55 FA 
[0;32mI (62450) control_pixhawk: Read 280 bytes[0m
00 DA 00 00 F9 FD 03 02 FB 08 09 D3 0A 00 DF 01 08 FA 00 00 58 FF 01 80 F8 00 00 FE 01 00 D2 00 00 FA 00 B2 FF 00 FF 03 FF 08 E0 0B D8 FF 00 DC 01 FC 01 FF 00 FF 01 FF 01 DF 02 FF 01 FF 01 FD 01 F7 01 F4 02 D4 00 C0 FF 03 F4 07 C0 00 80 00 C0 00 80 FF 00 00 FE 07 80 02 40 00 00 FF 03 98 03 1C FF 07 C0 05 00 FF 01 8A 00 88 FF 17 10 FF 01 84 FF 03 02 08 F0 00 C6 00 00 FF 15 80 03 10 0D 00 B3 05 70 FF 00 80 05 08 FF 00 D0 00 30 00 00 F7 00 B4 FB 02 90 2F E0 FB 03 08 FF 03 93 FD 00 90 FF 00 80 FF 07 02 FF 02 C1 FF 00 82 FF 02 12 FF 02 10 02 C0 FF 00 C0 FF 01 E4 FF 00 C8 FB 00 DA 00 DA 03 84 FF 01 80 FD 00 88 02 D0 06 00 D8 03 C0 FF 00 28 02 70 07 C8 EF 23 40 EE 03 48 00 40 FF 00 51 FE 03 80 FD 06 CC 01 42 01 44 00 E6 02 40 00 D8 00 04 18 C8 FB 01 C0 03 00 F5 00 00 FE 00 90 01 00 05 C2 00 00 03 00 FC 01 00 FF 03 E0 01 C0 FF 05 00 03 
[0;32mI (67530) control_pixhawk: Wrote 44 bytes[0m
FD 20 00 00 0B 01 C8 4C 00 00 00 00 00 00 00 98 A5 46 00 00 00 00 00 00 00 00 00 00 00 00 00 00 00 00 00 00 00 00 90 01 01 01 BB B0 
[0;32mI (67530) control_pixhawk: Read 280 bytes[0m
FF 00 FF 00 FC 00 FF 01 FE 03 78 00 E1 01 74 02 FA 00 DE 00 44 FF 00 4C 00 80 00 F6 01 FC 00 D8 00 D0 00 00 F4 00 D5 01 FC 01 F0 00 E4 00 58 00 E0 00 FF 01 F0 00 FB 01 F4 01 F8 04 FB 00 FB 00 FD 00 FE 00 DC 02 FA 01 F1 00 F6 00 F5 00 FC 00 F0 00 FD 00 F0 00 FD 01 FE 00 F8 00 EE 00 F2 00 FC 00 F8 09 C2 01 FD 01 F9 00 FE 00 FC 01 F9 01 FE 00 F4 00 F8 00 FF 00 F8 00 F8 00 F9 00 FE 01 FE 00 FC 00 F6 00 F8 00 F6 00 00 00 00 F9 00 F2 00 FC 00 FC 00 FB 03 FA 01 F4 00 E0 00 80 00 F8 00 FE 02 FA 00 F8 01 FF 01 F8 00 F0 00 FC 00 F8 01 F0 00 FA 00 FD 00 FC 00 FE 01 F8 01 FF 01 FD 00 FC 03 F9 00 FE 00 F8 01 EC 00 F9 00 F8 01 F2 01 FC 00 DC 00 F8 02 FE 00 FC 00 FF 00 FE 00 FC 00 F8 02 FF 01 F0 01 E2 00 FF 00 FF 00 FE 00 F8 01 FF 01 FA 02 FE 01 FE 01 C8 01 FA 00 F8 01 FB 00 FD 01 FC 01 FB 02 FB 00 F8 00 FB 00 F8 00 FA 00 FE 01 FE 00 F8 01 FD 
ets Jul 29 2019 12:21:46

rst:0x1 (POWERON_RESET),boot:0x13 (SPI_FAST_FLASH_BOOT)
configsip: 0, SPIWP:0xee
clk_drv:0x00,q_drv:0x00,d_drv:0x00,cs0_drv:0x00,hd_drv:0x00,wp_drv:0x00
mode:DIO, clock div:2
load:0x3fff0030,len:6380
ho 0 tail 12 room 4
load:0x40078000,len:15916
load:0x40080400,len:3860
entry 0x40080638
[0;32mI (29) boot: ESP-IDF v5.5.1 2nd stage bootloader[0m
[0;32mI (29) boot: compile time Oct  1 2025 21:58:03[0m
[0;32mI (29) boot: Multicore bootloader[0m
[0;32mI (31) boot: chip revision: v3.1[0m
[0;32mI (33) boot.esp32: SPI Speed      : 40MHz[0m
[0;32mI (37) boot.esp32: SPI Mode       : DIO[0m
[0;32mI (41) boot.esp32: SPI Flash Size : 4MB[0m
[0;32mI (44) boot: Enabling RNG early entropy source...[0m
[0;32mI (49) boot: Partition Table:[0m
[0;32mI (51) boot: ## Label            Usage          Type ST Offset   Length[0m
[0;32mI (58) boot:  0 nvs              WiFi data        01 02 00009000 00006000[0m
[0;32mI (64) boot:  1 phy_init         RF data          01 01 0000f000 00001000[0m
[0;32mI (71) boot:  2 factory          factory app      00 00 00010000 00100000[0m
[0;32mI (77) boot: End of partition table[0m
[0;32mI (81) esp_image: segment 0: paddr=00010020 vaddr=3f400020 size=0bda0h ( 48544) map[0m
[0;32mI (105) esp_image: segment 1: paddr=0001bdc8 vaddr=3ffb0000 size=023f8h (  9208) load[0m
[0;32mI (108) esp_image: segment 2: paddr=0001e1c8 vaddr=40080000 size=01e50h (  7760) load[0m
[0;32mI (112) esp_image: segment 3: paddr=00020020 vaddr=400d0020 size=1747ch ( 95356) map[0m
[0;32mI (149) esp_image: segment 4: paddr=000374a4 vaddr=40081e50 size=0c200h ( 49664) load[0m
[0;32mI (168) esp_image: segment 5: paddr=000436ac vaddr=50000000 size=00020h (    32) load[0m
[0;32mI (175) boot: Loaded app from partition at offset 0x10000[0m
[0;32mI (175) boot: Disabling RNG early entropy source...[0m
[0;32mI (186) cpu_start: Multicore app[0m
[0;32mI (195) cpu_start: Pro cpu start user code[0m
[0;32mI (195) cpu_start: cpu freq: 160000000 Hz[0m
[0;32mI (195) app_init: Application information:[0m
[0;32mI (195) app_init: Project name:     esp_mavlink[0m
[0;32mI (199) app_init: App version:      1[0m
[0;32mI (202) app_init: Compile time:     Oct  1 2025 23:53:56[0m
[0;32mI (207) app_init: ELF file SHA256:  f7062379e...[0m
[0;32mI (212) app_init: ESP-IDF:          v5.5.1[0m
[0;32mI (216) efuse_init: Min chip rev:     v0.0[0m
[0;32mI (219) efuse_init: Max chip rev:     v3.99 [0m
[0;32mI (223) efuse_init: Chip rev:         v3.1[0m
[0;32mI (228) heap_init: Initializing. RAM available for dynamic allocation:[0m
[0;32mI (234) heap_init: At 3FFAE6E0 len 00001920 (6 KiB): DRAM[0m
[0;32mI (239) heap_init: At 3FFB31C8 len 0002CE38 (179 KiB): DRAM[0m
[0;32mI (244) heap_init: At 3FFE0440 len 00003AE0 (14 KiB): D/IRAM[0m
[0;32mI (249) heap_init: At 3FFE4350 len 0001BCB0 (111 KiB): D/IRAM[0m
[0;32mI (255) heap_init: At 4008E050 len 00011FB0 (71 KiB): IRAM[0m
[0;33mW (261) spi_flash: Detected boya flash chip but using generic driver. For optimal functionality, enable `SPI_FLASH_SUPPORT_BOYA_CHIP` in menuconfig[0m
[0;32mI (273) spi_flash: detected chip: generic[0m
[0;32mI (277) spi_flash: flash io: dio[0m
[0;32mI (280) main_task: Started on CPU0[0m
[0;32mI (290) main_task: Calling app_main()[0m
Hello world!
This is esp32 chip with 2 CPU core(s), WiFi/BTBLE, silicon revision v3.1, 4MB external flash
Minimum free heap size: 300284 bytes
Restarting in 10 seconds...
Restarting in 9 seconds...
Restarting in 8 seconds...
Restarting in 7 seconds...
Restarting in 6 seconds...
Restarting in 5 seconds...
Restarting in 4 seconds...
Restarting in 3 seconds...
Restarting in 2 seconds...
Restarting in 1 seconds...
Restarting in 0 seconds...
Restarting now.
This is a test function from global component.
This is a test function from control_pixhawk component.
[0;32mI (11300) control_pixhawk: Wrote 44 bytes[0m
FD 20 00 00 00 01 C8 4C 00 00 00 00 00 00 00 98 A5 46 00 00 00 00 00 00 00 00 00 00 00 00 00 00 00 00 00 00 00 00 90 01 01 01 DB 28 
[0;32mI (11310) control_pixhawk: Read 280 bytes[0m
00 FE 00 FF 00 FF 00 FF 02 FF 00 F4 01 FE 01 FF 00 FC 01 FC 00 FC 02 FE 01 FC 01 FA 00 FA 3F FF 0B FE 0C FF 00 FE 00 FE 0F 00 FD 01 FC 00 FC 00 FC 02 FD 00 F9 00 FE 01 FC 02 FC 01 01 FF 00 FA 01 FF 05 FB 00 FE 00 FE 01 FC 00 FD 01 00 FC 02 FD 00 FE 00 FA 04 F8 00 F0 01 F0 0F F0 00 FC 03 FA 00 FB 00 F6 00 FB 03 F7 01 FC 01 FE 00 78 02 FC 00 FF 00 02 FC 27 FE 02 FF 0B FB 00 FE 02 FA 08 FC 10 00 FE 00 FE 0B FE 00 FE 01 FA 00 F8 02 FE 00 FF 01 FA 04 FE 03 FE 01 FE 00 FF 03 FE 0F FF 00 FE 02 FF 01 FE 02 FE 00 FE 01 FB 00 FF 00 FE 01 FF 00 DA 01 E2 00 FE 00 FC 01 FE 00 FE 01 F8 01 FA 01 FF 02 FF 00 FE 00 FE 00 F8 00 FF 00 FC 01 FE 00 FF 00 01 0A 01 FE 00 FE 05 FE 01 FE 00 FF 00 FE 00 FE 00 FE 00 FE 01 F8 00 FA 00 FA 02 FF 00 FF 00 FE 00 F8 0B FF 05 FE 0B FD 03 FE 02 FA 03 FE 02 FF 04 FC 01 FE 04 FC 0B FE 01 FE 0D FA 01 FD 00 FE 00 FE 
[0;32mI (16390) control_pixhawk: Wrote 44 bytes[0m
FD 20 00 00 01 01 C8 4C 00 00 00 00 00 00 00 98 A5 46 00 00 00 00 00 00 00 00 00 00 00 00 00 00 00 00 00 00 00 00 90 01 01 01 35 62 
[0;32mI (16390) control_pixhawk: Read 280 bytes[0m
00 FF 0F FF 01 FB 03 FF 06 FE 00 FC 01 FF 00 FC 00 FF 00 FE 00 FC 00 FD 02 FF 00 FF 00 FD 04 FE 00 F4 02 FE 0B FA 2D FE 0E 00 FD 37 00 FE 19 FC 00 FA 07 00 FF 00 FF 03 00 FF 0B 00 FE 01 FF 03 FE 00 FF 01 FE 00 FF 03 F8 00 FC 01 FE 01 FF 00 FE 03 FE 03 FE 04 FD 07 FF 01 FA 01 FF 00 FE 03 FF 00 FC 01 FE 00 FF 02 FE 03 FF 01 FE 03 FC 01 FF 00 FF 00 FE 05 F8 02 FE 00 FC 01 F0 02 E0 09 C0 00 F8 01 F7 03 F3 00 F8 01 FE 0B FD 00 FF 03 FF 00 FE 01 FD 02 FE 07 FF 01 FD 01 FE 09 FE 00 FC 07 F8 03 FE 03 FE 01 FE 01 FE 00 FF 03 FE 01 FA 02 FE 07 00 FE 00 FF 04 FE 00 FE 00 FE 00 FE 08 FF 02 FC 00 FC 03 FE 01 FE 00 FC 00 FF 01 FD 00 FE 05 FB 07 FA 00 FE 00 FC 03 00 FE 03 FF 00 FF 01 FC 01 FF 07 FF 01 FF 0B F9 00 FE 00 FC 03 FE 00 FF 00 FD 00 FF 00 FF 00 FF 03 FA 01 FD 00 FF 0D FE 00 FC 02 FF 03 FE 00 01 83 FE 00 FE 01 FC 05 FC 00 FF 00 FE 00 
[0;32mI (21470) control_pixhawk: Wrote 44 bytes[0m
FD 20 00 00 02 01 C8 4C 00 00 00 00 00 00 00 98 A5 46 00 00 00 00 00 00 00 00 00 00 00 00 00 00 00 00 00 00 00 00 90 01 01 01 07 BD 
[0;32mI (21470) control_pixhawk: Read 280 bytes[0m
FE 01 FC 00 FF 01 F8 00 FC 04 FE 01 F8 00 FE 05 00 FE 00 FE 02 FA 01 FD 01 FE 07 FE 01 FE 00 FE 01 FE 00 F8 01 01 FC 00 FE 00 FF 00 FE 07 FE 00 FE 01 FD 01 FF 00 FE 05 FF 2F FE 00 F0 00 FE 00 FE 02 FA 00 FC 01 FA 09 FC 00 FF 02 FE 02 FB 00 FC 03 FE 00 F9 01 FF 01 FC 01 FF 02 FC 07 FE 09 FF 01 FC 00 FE 2F 00 FF 17 FE 00 FA 2F 00 FE 11 00 FE 02 FE 21 FE 01 00 FC 02 00 FF 00 FD 00 FE 01 FE 09 00 FF 03 FE 01 F8 00 FC 02 FC 07 FE 01 FC 00 FE 01 FE 07 FE 01 FE 01 FF 02 FF 03 FF 03 FC 01 FD 00 FE 01 FE 01 FC 01 FE 00 FB 00 FE 00 F9 01 FE 00 FA 03 FE 01 FD 01 FE 05 FD 01 FE 03 FE 02 FC 11 FE 03 FE 01 FE 01 FF 01 FE 0F FA 02 FA 00 FE 09 F8 00 F0 15 E1 02 E6 00 F4 01 F7 03 F4 02 FE 00 FB 01 FC 00 FF 00 FC 00 FC 00 FD 03 FE 00 F8 00 FF 02 FC 03 FC 00 FE 00 FD 01 FF 00 FC 01 05 FE 01 FE 00 01 FE 03 FF 01 FD 03 FE 01 FF 05 FE 01 FF 00 FE 00 
[0;32mI (26550) control_pixhawk: Wrote 44 bytes[0m
FD 20 00 00 03 01 C8 4C 00 00 00 00 00 00 00 98 A5 46 00 00 00 00 00 00 00 00 00 00 00 00 00 00 00 00 00 00 00 00 90 01 01 01 E9 F7 
[0;32mI (26550) control_pixhawk: Read 280 bytes[0m
E0 00 FF 05 FD 09 FE 01 FC 01 FE 00 FC 01 FC 01 FD 01 FE 12 FF 00 FF 07 FE 03 FE 0C FF 00 FE 0B FE 00 FF 00 FE 09 FD 03 F9 02 FF 01 FF 03 FD 02 07 FC 01 FE 00 FF 01 00 FC 02 FF 00 FC 00 FF 01 F8 00 FE 00 FE 00 FF 00 F8 02 FF 00 FD 03 FC 01 F8 01 FE 00 FE 00 FF 01 FE 01 FE 05 FF 02 FF 02 00 01 FF 03 FF 03 FE 01 FF 0B FF 00 F8 01 FE 00 FE 00 FE 07 FE 01 FC 0F 00 FF 03 FB 01 FE 00 FE 00 FE 05 FE 02 FF 00 FF 01 FE 02 FF 00 FE 00 FE 00 FF 00 FF 01 F9 00 FC 04 FF 00 FC 00 FE 05 FE 00 FE 01 FE 00 FF 00 FC 00 FC 00 FC 00 01 F8 03 FF 00 FA 00 FC 02 FE 00 FE 02 F8 02 FE 01 FE 01 FC 01 FF 02 FE 01 FC 00 FE 00 FE 01 FC 00 FE 00 FE 00 FE 00 FE 00 FC 00 FE 00 FA 06 FC 00 FE 00 FE 02 FC 00 FC 02 F8 00 FE 01 FD 02 FE 01 FE 00 F8 02 FE 02 FC 02 B8 07 FF 07 FE CF 00 FF B7 00 FA 06 FF 1B 00 FC FD 20 00 00 00 00 00 00 00 FF 03 FC 00 FE 00 FE 01 FF 
[0;32mI (31630) control_pixhawk: Wrote 44 bytes[0m
FD 20 00 00 04 01 C8 4C 00 00 00 00 00 00 00 98 A5 46 00 00 00 00 00 00 00 00 00 00 00 00 00 00 00 00 00 00 00 00 90 01 01 01 72 0B 
[0;32mI (31630) control_pixhawk: Read 280 bytes[0m
01 F8 01 FA 07 00 FE 00 FE 02 FE 01 FA 01 FE 00 FE 01 FD 01 FD 05 FC 01 F8 07 FF 02 FD 03 FB 00 FE 00 FE 01 FE 01 FE 01 FE 01 FE 00 FD 00 F8 01 FF 02 FF 03 FE 00 FF 00 FC 00 FE 01 FF 0F FC 2F FE 03 FF 02 FE 03 FF 00 FD 00 FE 00 FE 00 FC 03 FE 00 FE 00 FE 00 FF 03 FF 01 FC 00 FC 00 FC 25 FF 01 FE 01 FF 00 D0 00 E0 08 C0 01 C1 0B E9 07 D6 02 F2 06 C2 00 F5 00 FE 01 DF 01 EE 0A FC 01 FA 01 F0 01 FE 00 FC 01 FE 03 FC 01 FD 03 FE 00 FE 00 FC 01 FE 05 FE 00 FF 00 FE 00 FE 07 FC 03 FE 02 FE 01 F8 00 FF 05 FB 02 FF 00 FC 01 F8 03 FE 03 FE 01 FA 01 FF 01 F8 03 F0 00 FC 02 FF 01 FC 03 FF 17 FC 09 FE 09 FC 03 FE 00 FC 00 FF 00 FF 09 FE 01 F9 00 E8 00 FE 02 FE 01 FF 03 F8 00 FD 16 EC 03 FE 05 F9 02 FF 03 FF 17 F9 01 FC 09 F9 01 F6 03 00 00 00 00 00 00 00 00 00 00 00 00 90 01 01 01 35 62 00 FF 00 FF 03 F8 01 FE 00 FA 01 FF 03 F8 01 FF 02 F2 
[0;32mI (36710) control_pixhawk: Wrote 44 bytes[0m
FD 20 00 00 05 01 C8 4C 00 00 00 00 00 00 00 98 A5 46 00 00 00 00 00 00 00 00 00 00 00 00 00 00 00 00 00 00 00 00 90 01 01 01 9C 41 
[0;32mI (36710) control_pixhawk: Read 280 bytes[0m
03 F9 01 FC 00 F8 01 D8 02 F0 04 FD 01 FE 00 FE 01 EC 00 FF 00 FC 00 FF 09 F6 02 FF 03 FC 02 FE 03 FB 03 F8 01 F9 01 FC 01 F8 01 E8 00 F8 0A FC 02 FF 00 FC 01 FE 09 FA 02 FA 03 FD 00 FE 00 FE 02 FE 01 FF 00 FC 00 F8 00 FF 01 FC 00 FE 00 F6 00 FE 00 FE 00 FE 00 E8 02 FE 00 FC 01 FE 00 FD 00 F9 03 FE 00 FA 01 FC 02 FA 07 FF 03 FA 00 FC 00 EC 02 F8 00 FE 12 FF 01 FE 02 F3 04 FE 00 FF 01 F8 02 FE 01 F4 01 F9 01 FD 0F 00 FF 01 FC 00 F8 37 00 FB 00 FF 6D 01 FE 00 FE 01 FE 1F FE 1B FE 17 FE FD 00 FF 1B 00 FC 22 00 FE 06 FA 06 00 FE 37 01 FE 1E 00 FE 06 FF FF 02 FE 02 00 FF 01 FF 00 FC 00 FB 01 FC 01 F8 01 00 FF 02 FF 00 F8 01 FA 01 FC 00 FE 03 FC 00 FE 00 FC 00 D8 02 E0 02 FC 00 FA 00 FE 00 FD 01 FC 00 FE 00 FC 00 F8 00 FF 00 FA 00 FA 05 FF 00 FE 01 FF FF 00 FE 00 FC 00 FF 02 FC 00 FF 04 FF 00 FF 00 FF 01 FF 01 FE 00 80 FF 01 10 00 D8 
[0;32mI (41790) control_pixhawk: Wrote 44 bytes[0m
FD 20 00 00 06 01 C8 4C 00 00 00 00 00 00 00 98 A5 46 00 00 00 00 00 00 00 00 00 00 00 00 00 00 00 00 00 00 00 00 90 01 01 01 AE 9E 
[0;32mI (41790) control_pixhawk: Read 280 bytes[0m
01 60 03 90 06 F8 00 FF 01 FF 01 FF 03 FF 0B C0 01 FB 03 EF 03 FC 00 C8 01 80 00 FC 00 C8 00 D8 00 FF 00 F9 05 B0 01 C0 07 B2 00 10 03 D8 02 F3 00 08 00 F2 01 D0 00 B0 01 FE 00 D8 01 FF 00 78 01 D2 01 D8 00 B4 01 C8 00 FF 02 F8 01 00 01 FF 01 FF 00 FE 00 00 FE 01 FF 00 FE 05 00 00 FC 00 FE 00 FF 00 FF 00 FE 00 FF 01 01 FE 00 FF 00 FC 00 FB 01 FC 00 FF 00 FE 01 FE 00 FE 00 FE 00 FF 00 FF 01 FF 01 FE 00 FC 00 FD 00 F9 00 FF 00 F0 00 E0 00 E9 01 F2 03 E0 00 F4 00 C2 02 FA 00 FC 00 FF 03 DA 03 F8 00 C0 01 F1 01 FD 01 90 03 C0 0B E0 03 12 01 F8 01 D1 00 C0 FE 00 C0 00 EE 01 E7 01 C8 07 C0 05 10 00 FE 01 FF 00 FF 05 FE 01 F9 01 D8 01 FD 00 E0 01 E0 FE 00 FE 01 80 00 1E 02 F8 00 00 FD 01 FE 01 DC 01 98 01 78 00 98 00 FD 00 F8 FF 00 FC 00 FE 00 CC 00 FC 00 F8 00 FE 00 FF 01 FC 00 FF 00 EC 01 D8 01 FD 00 F8 00 FF 00 FC 00 BA 01 F5 00 FC 
[0;32mI (46870) control_pixhawk: Wrote 44 bytes[0m
FD 20 00 00 07 01 C8 4C 00 00 00 00 00 00 00 98 A5 46 00 00 00 00 00 00 00 00 00 00 00 00 00 00 00 00 00 00 00 00 90 01 01 01 40 D4 
[0;32mI (46870) control_pixhawk: Read 280 bytes[0m
00 CE 00 F6 00 E6 00 FD 00 F8 00 FC 00 FE 01 EE 00 FA 00 66 FF 00 FE 00 80 00 F0 00 F4 01 EA 00 F8 03 FF 00 A8 00 00 F9 02 FF 01 FA 0A 30 02 DC 12 DA 03 90 0B DC 01 F8 00 FB 10 F0 02 F9 04 10 FF 12 E4 01 B8 13 CD 00 FA 02 F8 00 F1 02 90 FF 09 F8 03 D8 01 D8 01 C8 FF 01 80 00 5E 01 C0 02 44 03 90 01 F0 00 D8 03 80 00 C0 FF 03 D9 01 F9 00 88 01 80 00 BB 00 D8 03 FB 00 FF 03 C0 01 E8 01 F8 00 F0 00 FD 00 F0 00 F2 05 F8 07 F8 02 80 00 E0 03 00 B7 02 F2 01 C0 00 88 01 90 03 92 00 FA 00 DF 02 EC 00 EC 01 FB 02 F8 02 FB 01 D8 02 98 FE 04 C1 00 98 01 C0 00 B2 F4 00 90 02 FC 00 F8 00 D8 00 F0 00 50 00 FD 00 D8 00 F9 00 E0 02 C4 00 C8 00 C0 00 D0 00 F2 00 F0 00 F0 00 FA 26 0D 00 90 00 92 01 A0 00 F2 00 FC 01 98 00 FC 00 DC 00 DD 00 98 00 FC 02 E0 00 80 FF 01 C0 00 E0 00 F6 00 EC 01 E8 00 40 00 D9 00 9A 01 A0 02 F8 00 80 00 FA 00 FE 01 E2 
[0;32mI (51950) control_pixhawk: Wrote 44 bytes[0m
FD 20 00 00 08 01 C8 4C 00 00 00 00 00 00 00 98 A5 46 00 00 00 00 00 00 00 00 00 00 00 00 00 00 00 00 00 00 00 00 90 01 01 01 89 6F 
[0;32mI (51950) control_pixhawk: Read 280 bytes[0m
02 FE 01 F2 01 FC 00 F0 00 F0 01 F3 00 30 00 C8 01 B9 02 E5 01 D8 00 EA 01 EE 00 D0 01 FE 00 F8 00 FA 00 C8 03 F0 00 FE 00 F8 02 D9 01 F0 00 E9 00 F8 01 80 01 FC 00 F8 03 EC 00 F2 01 F4 01 FA 02 E2 00 FC 00 F8 00 F2 01 FF 02 FC 00 D9 02 DA 00 C0 00 F8 00 F0 00 F3 01 E8 00 F4 00 FC 00 F8 00 FD 00 F4 00 EC 02 74 00 DC 00 C0 00 FF 02 F1 01 FF 01 F8 00 F0 01 A1 00 00 00 BA 00 DC 03 9D 01 F9 00 F9 01 FE 00 EE 00 F1 00 FE 03 DB 00 F0 01 80 00 D0 00 FC 00 EC 00 E2 00 E0 00 E0 03 F4 00 E0 00 C0 03 C1 01 FE 02 C0 02 6C 00 89 01 EC 01 F4 00 D0 00 D0 00 C8 01 D9 00 FE 00 FD 00 EC 00 F8 00 FC 06 D8 00 F8 0A 01 EC 00 F1 02 D0 02 F8 02 F2 01 E8 01 B2 00 48 00 FC 00 FD 00 EB 00 E0 03 EC 00 E0 00 FE 00 F8 00 F8 00 FC 02 C0 01 F8 02 FD 00 FE 00 F8 00 FD 00 F8 00 E0 00 FF 01 FC 00 FB 00 F8 00 FC 01 D0 01 E0 00 F0 00 F8 00 EC 00 C4 00 F0 00 FC 00 
[0;32mI (57030) control_pixhawk: Wrote 44 bytes[0m
FD 20 00 00 09 01 C8 4C 00 00 00 00 00 00 00 98 A5 46 00 00 00 00 00 00 00 00 00 00 00 00 00 00 00 00 00 00 00 00 90 01 01 01 67 25 
[0;32mI (57030) control_pixhawk: Read 280 bytes[0m
FE 00 FC 00 F0 00 F2 00 F0 00 FB 00 F8 01 FC 02 FC 01 F8 00 F8 00 B0 00 CC 00 E8 00 FE 00 FB 00 F2 00 68 00 FC 00 DF 00 FC 00 F8 00 F8 00 F8 00 F8 00 FE 00 F3 00 EC 00 F0 01 F6 00 FE 00 FA 00 FC 00 D9 05 FC 02 EC 00 C8 03 F1 00 C8 00 D0 00 FC 00 FA 00 D6 00 E0 01 EF 00 FC 05 D8 00 FC 00 E0 00 FC 00 CC 00 FE 00 FA 00 FC 01 FF 02 D8 00 F0 04 E7 02 FB 07 DA 01 FC 03 B8 01 F9 00 E8 04 C0 00 F8 00 F8 00 F2 00 E8 02 F0 00 D5 00 FC 00 F8 00 EE 00 E8 03 F8 00 F0 00 F8 05 F0 02 D0 00 BA 00 F8 00 E0 00 F8 01 FA 00 FB 00 F1 00 FC 00 FC 00 FC 00 F7 01 FA 01 FA FA 00 E0 00 50 01 F4 02 94 00 F0 11 ED 00 FE 00 F9 00 E8 00 E8 00 CC 00 FC 00 F6 00 E6 00 E8 00 B4 00 C8 02 F8 02 F8 00 FC 02 FB 01 F9 00 F9 02 D3 01 F8 09 DB 00 B0 00 E0 02 F8 01 A0 00 F8 00 D8 00 D1 00 6C 01 FA 02 F8 02 9A 00 FC 01 F0 00 F0 00 BE 01 FC 01 D8 03 D8 03 DC 01 D9 01 F3 
ets Jul 29 2019 12:21:46

rst:0x1 (POWERON_RESET),boot:0x13 (SPI_FAST_FLASH_BOOT)
configsip: 0, SPIWP:0xee
clk_drv:0x00,q_drv:0x00,d_drv:0x00,cs0_drv:0x00,hd_drv:0x00,wp_drv:0x00
mode:DIO, clock div:2
load:0x3fff0030,len:6380
ho 0 tail 12 room 4
load:0x40078000,len:15916
load:0x40080400,len:3860
entry 0x40080638
[0;32mI (29) boot: ESP-IDF v5.5.1 2nd stage bootloader[0m
[0;32mI (29) boot: compile time Oct  1 2025 21:58:03[0m
[0;32mI (29) boot: Multicore bootloader[0m
[0;32mI (31) boot: chip revision: v3.1[0m
[0;32mI (33) boot.esp32: SPI Speed      : 40MHz[0m
[0;32mI (37) boot.esp32: SPI Mode       : DIO[0m
[0;32mI (41) boot.esp32: SPI Flash Size : 4MB[0m
[0;32mI (44) boot: Enabling RNG early entropy source...[0m
[0;32mI (49) boot: Partition Table:[0m
[0;32mI (51) boot: ## Label            Usage          Type ST Offset   Length[0m
[0;32mI (58) boot:  0 nvs              WiFi data        01 02 00009000 00006000[0m
[0;32mI (64) boot:  1 phy_init         RF data          01 01 0000f000 00001000[0m
[0;32mI (71) boot:  2 factory          factory app      00 00 00010000 00100000[0m
[0;32mI (77) boot: End of partition table[0m
[0;32mI (81) esp_image: segment 0: paddr=00010020 vaddr=3f400020 size=0bda0h ( 48544) map[0m
[0;32mI (105) esp_image: segment 1: paddr=0001bdc8 vaddr=3ffb0000 size=023f8h (  9208) load[0m
[0;32mI (108) esp_image: segment 2: paddr=0001e1c8 vaddr=40080000 size=01e50h (  7760) load[0m
[0;32mI (112) esp_image: segment 3: paddr=00020020 vaddr=400d0020 size=1747ch ( 95356) map[0m
[0;32mI (149) esp_image: segment 4: paddr=000374a4 vaddr=40081e50 size=0c200h ( 49664) load[0m
[0;32mI (168) esp_image: segment 5: paddr=000436ac vaddr=50000000 size=00020h (    32) load[0m
[0;32mI (175) boot: Loaded app from partition at offset 0x10000[0m
[0;32mI (175) boot: Disabling RNG early entropy source...[0m
[0;32mI (186) cpu_start: Multicore app[0m
[0;32mI (195) cpu_start: Pro cpu start user code[0m
[0;32mI (195) cpu_start: cpu freq: 160000000 Hz[0m
[0;32mI (195) app_init: Application information:[0m
[0;32mI (195) app_init: Project name:     esp_mavlink[0m
[0;32mI (199) app_init: App version:      1[0m
[0;32mI (202) app_init: Compile time:     Oct  1 2025 23:53:56[0m
[0;32mI (207) app_init: ELF file SHA256:  f7062379e...[0m
[0;32mI (212) app_init: ESP-IDF:          v5.5.1[0m
[0;32mI (216) efuse_init: Min chip rev:     v0.0[0m
[0;32mI (219) efuse_init: Max chip rev:     v3.99 [0m
[0;32mI (223) efuse_init: Chip rev:         v3.1[0m
[0;32mI (228) heap_init: Initializing. RAM available for dynamic allocation:[0m
[0;32mI (234) heap_init: At 3FFAE6E0 len 00001920 (6 KiB): DRAM[0m
[0;32mI (239) heap_init: At 3FFB31C8 len 0002CE38 (179 KiB): DRAM[0m
[0;32mI (244) heap_init: At 3FFE0440 len 00003AE0 (14 KiB): D/IRAM[0m
[0;32mI (249) heap_init: At 3FFE4350 len 0001BCB0 (111 KiB): D/IRAM[0m
[0;32mI (255) heap_init: At 4008E050 len 00011FB0 (71 KiB): IRAM[0m
[0;33mW (261) spi_flash: Detected boya flash chip but using generic driver. For optimal functionality, enable `SPI_FLASH_SUPPORT_BOYA_CHIP` in menuconfig[0m
[0;32mI (273) spi_flash: detected chip: generic[0m
[0;32mI (277) spi_flash: flash io: dio[0m
[0;32mI (280) main_task: Started on CPU0[0m
[0;32mI (290) main_task: Calling app_main()[0m
Hello world!
This is esp32 chip with 2 CPU core(s), WiFi/BTBLE, silicon revision v3.1, 4MB external flash
Minimum free heap size: 300284 bytes
Restarting in 10 seconds...
Restarting in 9 seconds...
Restarting in 8 seconds...
Restarting in 7 seconds...
Restarting in 6 seconds...
Restarting in 5 seconds...
Restarting in 4 seconds...
Restarting in 3 seconds...
Restarting in 2 seconds...
Restarting in 1 seconds...
Restarting in 0 seconds...
Restarting now.
This is a test function from global component.
This is a test function from control_pixhawk component.
[0;32mI (11300) control_pixhawk: Wrote 44 bytes[0m
FD 20 00 00 00 01 C8 4C 00 00 00 00 00 00 00 98 A5 46 00 00 00 00 00 00 00 00 00 00 00 00 00 00 00 00 00 00 00 00 90 01 01 01 DB 28 
[0;32mI (11410) control_pixhawk: Read 119 bytes[0m
00 FF 00 FD 00 FD 00 FF 01 F8 02 FE 00 FF 00 FF 01 F9 00 FD 02 FF 01 FF 00 FD 03 FF 00 FE 00 FE 03 FE 00 FE 01 FA 00 FF 00 FE 00 FB 00 F9 03 FF 00 F8 00 FF 01 FE 00 FE 00 FA 04 FE 02 FC 02 FF 01 FC 01 FC 00 FE 02 FE 00 FE 00 00 FC 00 FF 00 FC 00 FF 00 FF 00 FF 00 FD 00 FE 00 FE 00 FF 00 FB 00 FD 00 FE 00 FF 01 FE 00 FF 00 FF 00 FE 00 FE 00 FE 00 FE 00 FE 
[0;32mI (16430) control_pixhawk: Wrote 44 bytes[0m
FD 20 00 00 01 01 C8 4C 00 00 00 00 00 00 00 98 A5 46 00 00 00 00 00 00 00 00 00 00 00 00 00 00 00 00 00 00 00 00 90 01 01 01 35 62 
[0;32mI (16530) control_pixhawk: Read 38 bytes[0m
00 ED 28 04 FF 01 FA 00 FF 00 FF 00 00 FF 00 FF 00 FE 00 F9 9F 03 F2 03 00 FF 01 FE 00 FF 00 FF 00 FE 00 FE 00 F2 
[0;32mI (21530) control_pixhawk: Wrote 44 bytes[0m
FD 20 00 00 02 01 C8 4C 00 00 00 00 00 00 00 98 A5 46 00 00 00 00 00 00 00 00 00 00 00 00 00 00 00 00 00 00 00 00 90 01 01 01 07 BD 
[0;32mI (21630) control_pixhawk: Read 12 bytes[0m
00 FF 00 FF 00 FF 00 F8 00 FE 00 FE 
[0;32mI (26630) control_pixhawk: Wrote 44 bytes[0m
FD 20 00 00 03 01 C8 4C 00 00 00 00 00 00 00 98 A5 46 00 00 00 00 00 00 00 00 00 00 00 00 00 00 00 00 00 00 00 00 90 01 01 01 E9 F7 
[0;33mW (26730) control_pixhawk: No response received[0m

[0;32mI (31730) control_pixhawk: Wrote 44 bytes[0m
FD 20 00 00 04 01 C8 4C 00 00 00 00 00 00 00 98 A5 46 00 00 00 00 00 00 00 00 00 00 00 00 00 00 00 00 00 00 00 00 90 01 01 01 72 0B 
[0;33mW (31830) control_pixhawk: No response received[0m

[0;32mI (36830) control_pixhawk: Wrote 44 bytes[0m
FD 20 00 00 05 01 C8 4C 00 00 00 00 00 00 00 98 A5 46 00 00 00 00 00 00 00 00 00 00 00 00 00 00 00 00 00 00 00 00 90 01 01 01 9C 41 
[0;33mW (36930) control_pixhawk: No response received[0m

[0;32mI (41930) control_pixhawk: Wrote 44 bytes[0m
FD 20 00 00 06 01 C8 4C 00 00 00 00 00 00 00 98 A5 46 00 00 00 00 00 00 00 00 00 00 00 00 00 00 00 00 00 00 00 00 90 01 01 01 AE 9E 
[0;33mW (42030) control_pixhawk: No response received[0m

[0;32mI (47030) control_pixhawk: Wrote 44 bytes[0m
FD 20 00 00 07 01 C8 4C 00 00 00 00 00 00 00 98 A5 46 00 00 00 00 00 00 00 00 00 00 00 00 00 00 00 00 00 00 00 00 90 01 01 01 40 D4 
[0;33mW (47130) control_pixhawk: No response received[0m

[0;32mI (52130) control_pixhawk: Wrote 44 bytes[0m
FD 20 00 00 08 01 C8 4C 00 00 00 00 00 00 00 98 A5 46 00 00 00 00 00 00 00 00 00 00 00 00 00 00 00 00 00 00 00 00 90 01 01 01 89 6F 
[0;33mW (52230) control_pixhawk: No response received[0m

[0;32mI (57230) control_pixhawk: Wrote 44 bytes[0m
FD 20 00 00 09 01 C8 4C 00 00 00 00 00 00 00 98 A5 46 00 00 00 00 00 00 00 00 00 00 00 00 00 00 00 00 00 00 00 00 90 01 01 01 67 25 
[0;33mW (57330) control_pixhawk: No response received[0m

[0;32mI (62330) control_pixhawk: Wrote 44 bytes[0m
FD 20 00 00 0A 01 C8 4C 00 00 00 00 00 00 00 98 A5 46 00 00 00 00 00 00 00 00 00 00 00 00 00 00 00 00 00 00 00 00 90 01 01 01 55 FA 
[0;33mW (62430) control_pixhawk: No response received[0m

[0;32mI (67430) control_pixhawk: Wrote 44 bytes[0m
FD 20 00 00 0B 01 C8 4C 00 00 00 00 00 00 00 98 A5 46 00 00 00 00 00 00 00 00 00 00 00 00 00 00 00 00 00 00 00 00 90 01 01 01 BB B0 
[0;33mW (67530) control_pixhawk: No response received[0m

[0;32mI (72530) control_pixhawk: Wrote 44 bytes[0m
FD 20 00 00 0C 01 C8 4C 00 00 00 00 00 00 00 98 A5 46 00 00 00 00 00 00 00 00 00 00 00 00 00 00 00 00 00 00 00 00 90 01 01 01 20 4C 
[0;32mI (73080) control_pixhawk: Read 231 bytes[0m
00 00 81 FB F7 DF 8D 8D 00 FF 01 F0 00 FF 00 FF 00 00 FE 00 FF 00 FF 00 FF 00 FF 00 FF 00 FF 00 FE 00 FF 00 FF 00 FE 00 FE 00 00 FC 00 FC 00 FC 01 00 FE 00 FE 00 FE 00 FF 00 FE 00 FF 00 FF 00 FF 00 FF 00 FF 00 FF 00 00 FE 00 FF 00 FF 00 FE 00 FF 00 FE 00 FF 00 FF 00 FF 00 FE 00 00 FF 00 FF 00 00 FF 00 FF 00 FF 00 00 FF 00 FE 00 FF 00 F4 00 FF 00 FF 00 FF 00 FF 00 FF 00 FE 00 FF 00 FF 00 FF 00 FF 00 FC 00 FF 01 FF 00 FF 00 FF 00 FC 00 FE 00 00 FF 01 FC 00 FE 00 FF 00 FE 00 FF 00 01 FF 00 FC 00 FE 01 FF 00 FF 03 FF 00 FE 01 FF 80 28 C8 4C 00 00 FE 00 FF 01 FE 02 FF 00 FE 00 F8 01 FE 02 FE 00 FF 03 FE 00 FF 00 FE 03 FF 00 FE 00 FC 01 FF 00 FF 07 00 FF 04 FF 00 FE 07 00 F1 00 C0 07 00 00 
[0;32mI (78130) control_pixhawk: Wrote 44 bytes[0m
FD 20 00 00 0D 01 C8 4C 00 00 00 00 00 00 00 98 A5 46 00 00 00 00 00 00 00 00 00 00 00 00 00 00 00 00 00 00 00 00 90 01 01 01 CE 06 
[0;32mI (78290) control_pixhawk: Read 280 bytes[0m
1C 00 FF 01 00 FE 00 FD 01 FF 00 FC 00 F8 00 FE 00 00 FE 00 FF 00 FF 00 FF 00 FB 00 FF 00 FF 00 FE 00 FC 00 FE 00 FF 00 FF 00 FE 00 FF 00 FE 00 FE 00 FF 00 FF 00 FC 00 00 FE 00 FE 00 FE 00 FE 00 FF 00 FF 00 F0 53 02 D0 FF 63 00 00 FE 00 00 00 04 00 00 FD 00 FE 01 90 01 60 09 00 20 03 5A F8 04 40 FF 2F 2E 01 00 00 00 40 33 04 00 FB 00 FF 00 FE 00 FE 00 FD 00 FE 00 FF 00 FD 01 FF 00 FE 00 FF 00 FF 00 FC 00 FE 00 FF 00 00 FD 00 FE 00 FF 00 FF 00 FF 00 FF 00 FF 00 00 FF 00 FF 00 FF 00 FE 00 FF 0F 00 FF 00 FD 00 FF 00 FE 00 FF 01 FF 00 FF 04 FB 00 01 FC 01 FC 03 FF 00 FE 00 FE 00 FE 00 FE 00 FF 01 FF 00 FE 04 FF 01 FE 00 FE 00 FC 03 FC 00 FE 00 FE 00 FF 00 FF 01 FF 00 FC 00 FF 01 FF 00 F8 00 FF 00 FF 01 FC 00 FF 00 FC 01 02 FC 01 FC 00 FE 00 FE 00 FF 03 FF 07 FE 00 FF 04 FE 02 00 00 00 E0 01 FF 00 FF 03 FE 02 FD 00 FC 01 FF 03 FF 00 
[0;32mI (83360) control_pixhawk: Wrote 44 bytes[0m
FD 20 00 00 0E 01 C8 4C 00 00 00 00 00 00 00 98 A5 46 00 00 00 00 00 00 00 00 00 00 00 00 00 00 00 00 00 00 00 00 90 01 01 01 FC D9 
[0;32mI (83360) control_pixhawk: Read 280 bytes[0m
07 FD 00 FE 02 FE 01 FF 00 FF 00 F8 01 FE 43 FE 01 FF 00 FF 00 FD 83 00 FF 05 FF 00 FF 01 F8 04 FE 00 FC 00 FF 01 FD 03 FF 01 FC 07 FC 02 FF 01 FD 03 FD A7 00 FC 02 F9 4D 00 FF A3 00 00 F9 37 03 00 14 BB FF C1 00 00 00 00 00 00 E5 7F BF 3F 3F 02 00 00 A4 FB FE F7 11 04 00 00 00 00 00 FE C1 E6 FF 4F 91 05 00 00 00 C0 BF 53 15 F4 BF 00 01 00 00 FC FE 03 FC EF 8D CB 62 00 80 7E FF 0E 00 00 00 DD FD FF 7F 2D 91 00 00 08 10 FA 03 20 00 00 00 48 91 A6 04 50 D7 00 00 00 00 50 06 FC 02 00 00 00 00 FF 1A 7C 01 00 00 FF DF 11 10 00 FD 7F 03 00 FE 7F 21 FE 87 FD 10 00 FE 37 43 00 00 FE 21 00 FE 05 FF 03 00 FE 00 FE 05 F8 00 00 05 87 01 00 18 00 F0 D7 05 00 00 00 00 00 E7 00 00 00 00 03 F3 FF FF 00 01 00 00 F6 2F 0A F8 05 FF 00 FF 09 FC 05 00 FF 0F 00 FF 27 00 74 FF 2E 01 00 20 F2 FF 09 00 00 BC DD 4E 00 00 00 00 C2 24 00 FF 01 24 00 FE 8E 
[0;32mI (88440) control_pixhawk: Wrote 44 bytes[0m
FD 20 00 00 0F 01 C8 4C 00 00 00 00 00 00 00 98 A5 46 00 00 00 00 00 00 00 00 00 00 00 00 00 00 00 00 00 00 00 00 90 01 01 01 12 93 
[0;32mI (88440) control_pixhawk: Read 280 bytes[0m
2D 1F 01 00 FF 5E 00 FC 03 00 03 FB 01 FE 01 FE 06 FE 00 FF 17 FF 07 00 FC 02 FF 00 FF 13 FF 01 F4 06 FE 01 FE 07 FE 05 FD 00 FE 07 FF 01 FF 01 FF 00 FE 00 FF 05 FC 03 FF 00 FE 00 FF 01 FF 00 FE 00 FE 03 FE 00 FF 02 FF 00 FF 00 FE 03 FE 01 FC 00 FD 03 FD 00 FF 01 FE 06 FF 01 FE 01 07 FE 0B 00 FF 00 FE 01 FE 07 FE 00 FF 01 FE 01 FF 23 FF 03 FE 01 FD 01 FF 01 FE 00 FE 00 FF 01 FF 00 FE 00 FE 01 FC 00 FF 00 FE 00 FC 00 FE 08 FF 01 FF 00 FF 00 FF 00 FF 00 FE 00 FE 00 FF 01 FE 01 FE 01 FF 00 FF 00 FE 00 FE 08 FF 0F FE 03 FE 00 FE 00 FF 00 FE 00 FE 02 02 FF 00 FF 00 FF 01 FE 01 FF 01 FF 01 FF 00 FE 00 FE 00 FE 00 FF 00 FF 00 00 FE 00 FF 00 FE 00 FE 00 FE 00 FE 00 FF 00 FC 00 FF 00 FE 00 FE 00 FE 00 FF 00 00 FE 00 FF 00 FF 00 FF 00 FF 00 FE 00 00 FF 00 FC 01 FF 00 FE 00 FE 00 FF 00 FE 00 FF 00 00 FE 00 FF 00 FE 00 F0 00 FE 00 FF 00 FF 
[0;32mI (93520) control_pixhawk: Wrote 44 bytes[0m
FD 20 00 00 10 01 C8 4C 00 00 00 00 00 00 00 98 A5 46 00 00 00 00 00 00 00 00 00 00 00 00 00 00 00 00 00 00 00 00 90 01 01 01 7F A6 
[0;32mI (93520) control_pixhawk: Read 280 bytes[0m
00 FF 00 FE 00 FE 00 FE 00 FE 00 FE 00 FE 00 FF 00 FC 00 00 FE 00 FF 00 FA 00 FE 00 00 FF 00 FF 00 00 FF 00 FF 00 00 FF 00 FF 00 FE 00 FF 00 FE 00 FC 00 FF 00 FF 00 FF 00 00 00 FE 00 00 00 00 FE 00 FF 00 FE 00 FE 00 FF 00 FF 00 FF 00 FF 00 FF 00 FF 00 FF 00 FE 00 FE 00 FF 00 FF 00 FF 00 FE 00 FE 00 FE 00 FF 00 FF 00 FC 00 FF 00 FE 00 FF 00 FC 00 FF 00 FE 00 00 FE 00 FE 00 FF 00 FF 00 FE 00 00 00 FF 00 FE 00 00 FE 00 FF 00 FF 00 FE 00 FE 00 FE 00 FF 00 FE 00 FE 00 00 FE 00 00 FF 00 FE 00 FF 00 FE 00 FE 00 FE 00 FC 00 FE 00 FF 00 FF 00 FD 00 F8 00 FE 00 FE 00 FF 00 FE 00 FF 00 FE 00 FF 00 FF 00 FC 00 FE 00 FE 00 00 07 FE 00 FF 00 FE 00 FE 00 00 FF 00 00 F8 00 FF 00 FF 00 00 FE 01 FF 00 FF 01 FE 00 00 FE 01 FE 00 FF 00 FE 00 FF 01 FF 00 FE 00 00 FE 00 F1 00 FC 00 F8 00 FE 00 FE 00 FC 00 FF 00 FF 00 FF 00 FF 00 FF 00 FF 00 FA 00 FF 
[0;32mI (98600) control_pixhawk: Wrote 44 bytes[0m
FD 20 00 00 11 01 C8 4C 00 00 00 00 00 00 00 98 A5 46 00 00 00 00 00 00 00 00 00 00 00 00 00 00 00 00 00 00 00 00 90 01 01 01 91 EC 
[0;32mI (98600) control_pixhawk: Read 280 bytes[0m
00 00 FE 00 FE 00 FC 00 FF 00 FE 00 FE 00 00 FF 00 FE 00 FF 00 FF 00 FF 00 FE 00 FE 00 FF 00 FE 00 FF 00 FE 00 00 FE 00 FF 00 FE 00 00 FF 00 FF 00 FE 00 FE 00 FF 00 00 FF 00 00 FE 00 FF 00 FF 00 FF 00 FF 00 00 FF 00 00 FF 00 00 FF 00 00 FF 00 FE 00 FE 00 FE 01 F8 00 FE 00 FF 00 FF 00 FF 00 FF 00 FF 00 00 FE 00 FF 00 FF 00 FF 00 FE 00 FE 00 FE 00 FF 00 FF 00 FE 00 FF 00 FE 00 FE 00 00 FF 00 FF 00 FE 00 00 FF 00 FE 00 FF 00 FF 00 FF 00 FF 00 00 00 00 FE 00 FF 00 00 FE 00 FF 00 FF 00 00 FF 00 FF 00 FF 00 00 FF 00 FF 00 FF 00 00 FF 00 FF 00 FF 00 FF 00 FE 00 00 FF 00 00 00 00 00 00 00 FE 00 FF 00 FF 01 FE 00 00 FF 00 FF 01 00 FF 00 FF 00 FE 00 FE 00 FE 01 FF 00 00 FF 00 FF 00 00 FF 00 FF 00 FE 00 FE 00 FE 00 FE 00 FE 00 FE 00 FE 00 FF 00 FE FD 20 80 02 00 00 00 00 00 FE 00 FF 00 FC 00 FF 00 FE 00 00 FF 00 FE 00 FF 00 FE 00 FE 00 FE 
[0;32mI (103680) control_pixhawk: Wrote 44 bytes[0m
FD 20 00 00 12 01 C8 4C 00 00 00 00 00 00 00 98 A5 46 00 00 00 00 00 00 00 00 00 00 00 00 00 00 00 00 00 00 00 00 90 01 01 01 A3 33 
[0;32mI (103680) control_pixhawk: Read 280 bytes[0m
00 FF 00 FE 00 00 FF 00 00 FC 00 FF 00 FF 00 FF 00 FF 00 FE 00 FF 00 FF 00 FF 00 FF 00 FF 00 FE 00 FF 00 FE 00 FF 00 FF 00 FE 00 FF 00 FF 00 FF 00 FF 00 FF 00 00 00 00 FF 00 FE 00 00 FE 00 FF 00 FF 00 FE 00 FF 00 FF 00 00 FF 00 FF 00 FC 00 FF 00 FE 00 FF 00 FF 02 FF 01 FC 00 F4 00 FE 00 FC 1F 00 FF FF BC 7F 01 71 00 00 D8 01 FF 00 FF 00 FE 00 FF 00 FF 00 FC 00 FE 00 FF 00 FA 00 FA 00 FE 00 FD 00 FF 01 FF 00 FF 00 FC 00 FF 00 FC 00 00 FF 00 FF 00 FE 00 FF 00 FF 02 FE 00 FE 00 FD 00 FF 00 FF 00 FF 00 FE 01 FE 00 FC 01 FF 00 FF 00 FD 00 F0 00 FF 00 F8 07 F0 03 F8 03 EC 03 FB 03 F9 00 F6 03 F9 0A 80 FF 02 00 EC 46 00 E4 05 00 A0 FF 01 40 BB 8F 00 80 E6 FF 0B 00 80 39 00 E4 0B 40 0F 00 88 0D 00 F0 13 00 00 00 00 00 00 00 00 00 90 01 01 01 91 EC 1F 00 FA 03 B9 03 7A 17 C0 03 40 FF 02 20 F0 27 00 80 03 C0 0F 00 A0 F7 0B 00 40 0F 00 00 
[0;32mI (108760) control_pixhawk: Wrote 44 bytes[0m
FD 20 00 00 13 01 C8 4C 00 00 00 00 00 00 00 98 A5 46 00 00 00 00 00 00 00 00 00 00 00 00 00 00 00 00 00 00 00 00 90 01 01 01 4D 79 
[0;32mI (108760) control_pixhawk: Read 280 bytes[0m
FD 05 80 05 00 FF 05 00 FF 0D 40 FE 03 00 FE 01 80 FF 02 80 FF 02 EA 01 E2 04 00 EF 00 20 02 B1 00 5C 00 E8 00 F8 01 FD 01 F4 03 A0 10 FD 02 FE 0A DC 01 FC 0B DE 05 F9 0F 00 F8 01 DA 02 C8 FF 0F 00 FB 03 00 EC 05 40 FF 01 00 00 DC DE 06 00 FE FD 02 CC FF 03 C4 76 FF 10 00 1E FF 03 00 AC D2 FF 03 00 00 3E FD FD 01 40 6C DF FF 1F 00 04 51 9F 87 3A 00 80 D1 FD 99 09 00 90 93 EE 38 00 00 40 80 D6 AF 03 08 00 12 E9 FF 36 01 00 B0 26 5B BF 43 10 20 04 51 FB 04 20 00 F0 81 F7 E7 00 00 40 1D 32 BF 83 00 30 D3 E4 F9 FF BF 03 00 C0 14 DD FF 01 00 01 95 1A FF 4D 00 00 0A 99 69 FA 87 00 00 00 6F B4 FF EF 42 02 00 C0 EB 3F FB 5F 07 19 00 00 3B B9 DB 9F 18 01 00 C6 3F FC 9F 11 00 08 62 FF FE A7 83 00 02 CF BF 7F 5B 09 01 98 63 DF FF 9A 00 40 66 FC FF 77 47 20 00 FD BF BF 97 87 00 80 BF FF FF A5 00 10 BF FF 9F BF 25 01 80 FB AF 02 00 93 EE A3 
[0;32mI (113840) control_pixhawk: Wrote 44 bytes[0m
FD 20 00 00 14 01 C8 4C 00 00 00 00 00 00 00 98 A5 46 00 00 00 00 00 00 00 00 00 00 00 00 00 00 00 00 00 00 00 00 90 01 01 01 D6 85 
[0;32mI (113840) control_pixhawk: Read 280 bytes[0m
83 00 C8 B7 7F 08 00 00 7D 2D 02 00 00 EE FF EF 10 00 50 BE B7 01 00 E9 FF BF 00 00 4C A7 08 6C 13 00 FC 3B 00 E8 8F 00 80 BF 00 48 1F 03 80 E9 11 48 FE 0F 00 40 FF 03 C0 FF 11 00 00 FC 13 00 C0 FB 2F 00 80 F7 8D 00 4C 03 D8 CE 06 00 00 CD 19 C0 47 00 C8 FF 67 09 81 F3 4F 00 68 FF 01 00 40 F6 07 00 98 FD 03 00 40 FF B6 00 90 FF 03 00 4C F6 01 00 F4 07 60 FF 00 B2 FF 04 00 F7 03 80 EF 06 88 FB 17 B0 FB 01 40 E6 FF BF 00 00 CF E7 00 99 F8 07 00 ED 05 7A FE 03 00 08 7E FF EB 00 E9 FB 7F 02 C1 1F 00 80 E5 00 D0 FD 7F 01 00 E4 FF 01 C0 B5 13 00 00 FF A7 00 10 FB 01 C0 01 00 80 FF 00 00 80 D3 23 00 60 F9 02 00 C0 7F 97 00 08 FF 1B 00 80 F7 08 00 88 FF 03 00 A0 FE 01 00 68 FA 27 00 C0 F6 1B C0 F9 4F 00 00 30 FF 05 00 74 7F FF 5B 00 00 64 FF 1F 00 00 64 FD 03 00 C2 FF 1D 00 48 90 EF FB 02 08 0C FE 03 00 83 F7 EF 03 48 91 FF FF C3 00 E4 
[0;32mI (118920) control_pixhawk: Wrote 44 bytes[0m
FD 20 00 00 15 01 C8 4C 00 00 00 00 00 00 00 98 A5 46 00 00 00 00 00 00 00 00 00 00 00 00 00 00 00 00 00 00 00 00 90 01 01 01 38 CF 
[0;32mI (118920) control_pixhawk: Read 280 bytes[0m
1F FF 33 1C 00 00 67 FB 17 4A 00 04 1B FF 36 49 00 C0 96 FE 73 08 10 BE EF 0F 0B 00 C8 DF FF 21 00 80 D9 BF 67 02 00 90 F4 19 00 C8 AF 0D 00 08 FB 23 00 40 FF F7 03 00 08 BF 04 00 44 DB 8B 00 44 FE 17 00 00 EE 3F 00 00 DF 09 00 40 FF DF 05 10 FA FF 0F 00 00 EA F7 09 00 C0 7D FF 73 00 90 FB 07 00 38 FF BF 43 00 80 FF 26 00 80 E8 2F 08 00 FD 9F 23 00 FF AB 0B 00 C0 FF 07 00 C2 CF 08 C0 87 D2 FF EF 01 C0 67 00 D0 01 00 FE 3F 00 D7 21 8F 00 FF 2D 00 F0 85 00 F8 E5 00 E0 4D 00 C0 4F 00 A0 0D 00 80 CF 01 7C FF FF 07 00 DC 4F 02 00 E0 BD 05 34 FF 3F 01 10 FF 05 00 C4 FF 0D 00 48 7F 00 00 D6 1D 00 F1 FF 0B E8 FF 03 00 20 FE 2F 02 99 FF 0C 00 FD 10 00 D0 FF 01 88 FB 0F 00 F0 FF 0C FE 0F 20 90 FD 03 28 98 00 02 C8 FF 01 C0 70 01 00 F2 9F 01 00 1D 37 03 00 A2 FC 1F 01 D4 D9 47 02 28 76 8F 38 00 88 BF 07 0C 9C 2F 00 60 70 00 00 00 00 00 00 
[0;32mI (124000) control_pixhawk: Wrote 44 bytes[0m
FD 20 00 00 16 01 C8 4C 00 00 00 00 00 00 00 98 A5 46 00 00 00 00 00 00 00 00 00 00 00 00 00 00 00 00 00 00 00 00 90 01 01 01 0A 10 
[0;32mI (124000) control_pixhawk: Read 280 bytes[0m
00 00 00 00 00 48 FF 5F 00 60 0E 01 C0 26 00 60 07 00 00 41 00 82 03 D8 FF 00 C0 00 FC 13 02 F8 AF 00 EA 41 00 F8 06 AA 1F 00 B0 41 00 90 8F 00 00 E9 4F 10 F8 01 00 D0 07 00 C0 9F 00 00 08 02 60 2F 00 C4 87 00 FF 0D 00 FF 04 00 FD 00 FF 01 10 FF 7F 01 FE 2D 00 FE 8D 00 F0 07 00 08 01 00 CA 57 00 6A 01 00 FC 03 70 8F 01 F4 2F 00 94 07 00 00 EF 05 00 60 F7 07 00 CC 03 BC 3F 00 F4 FE 0F 00 00 FF 03 40 FF 2F 00 E1 47 00 F0 FF 0F 00 F8 EF 00 70 FF 03 44 3F 00 70 FF 05 00 F7 01 80 FD 08 B0 0A 00 C0 FF 04 00 48 FF 01 C0 FD 02 F0 FF 00 00 C0 00 00 FE 01 E0 FF 02 A0 06 E0 FE 05 B0 FF 00 11 FF 0F 00 E0 1A A0 FF 03 C8 FF 3E 00 82 18 00 24 FF 06 00 FE 05 00 00 00 80 FE 9F 00 A0 03 70 FF 01 B2 FF FF 00 00 A0 FF 11 00 F0 FF 03 00 FF 13 00 C4 FF 03 30 FF F8 01 F4 07 FF 00 FD 07 FF 0F FC 03 FD 05 FF 03 00 78 01 FF 01 FE 01 FF 0F FE 01 FE 01 FD 
ets Jul 29 2019 12:21:46

rst:0x1 (POWERON_RESET),boot:0x13 (SPI_FAST_FLASH_BOOT)
configsip: 0, SPIWP:0xee
clk_drv:0x00,q_drv:0x00,d_drv:0x00,cs0_drv:0x00,hd_drv:0x00,wp_drv:0x00
mode:DIO, clock div:2
load:0x3fff0030,len:6380
ho 0 tail 12 room 4
load:0x40078000,len:15916
load:0x40080400,len:3860
entry 0x40080638
[0;32mI (29) boot: ESP-IDF v5.5.1 2nd stage bootloader[0m
[0;32mI (29) boot: compile time Oct  1 2025 21:58:03[0m
[0;32mI (29) boot: Multicore bootloader[0m
[0;32mI (31) boot: chip revision: v3.1[0m
[0;32mI (33) boot.esp32: SPI Speed      : 40MHz[0m
[0;32mI (37) boot.esp32: SPI Mode       : DIO[0m
[0;32mI (41) boot.esp32: SPI Flash Size : 4MB[0m
[0;32mI (44) boot: Enabling RNG early entropy source...[0m
[0;32mI (49) boot: Partition Table:[0m
[0;32mI (51) boot: ## Label            Usage          Type ST Offset   Length[0m
[0;32mI (58) boot:  0 nvs              WiFi data        01 02 00009000 00006000[0m
[0;32mI (64) boot:  1 phy_init         RF data          01 01 0000f000 00001000[0m
[0;32mI (71) boot:  2 factory          factory app      00 00 00010000 00100000[0m
[0;32mI (77) boot: End of partition table[0m
[0;32mI (81) esp_image: segment 0: paddr=00010020 vaddr=3f400020 size=0bda0h ( 48544) map[0m
[0;32mI (105) esp_image: segment 1: paddr=0001bdc8 vaddr=3ffb0000 size=023f8h (  9208) load[0m
[0;32mI (108) esp_image: segment 2: paddr=0001e1c8 vaddr=40080000 size=01e50h (  7760) load[0m
[0;32mI (112) esp_image: segment 3: paddr=00020020 vaddr=400d0020 size=1747ch ( 95356) map[0m
[0;32mI (149) esp_image: segment 4: paddr=000374a4 vaddr=40081e50 size=0c200h ( 49664) load[0m
[0;32mI (168) esp_image: segment 5: paddr=000436ac vaddr=50000000 size=00020h (    32) load[0m
[0;32mI (175) boot: Loaded app from partition at offset 0x10000[0m
[0;32mI (175) boot: Disabling RNG early entropy source...[0m
[0;32mI (186) cpu_start: Multicore app[0m
[0;32mI (195) cpu_start: Pro cpu start user code[0m
[0;32mI (195) cpu_start: cpu freq: 160000000 Hz[0m
[0;32mI (195) app_init: Application information:[0m
[0;32mI (195) app_init: Project name:     esp_mavlink[0m
[0;32mI (199) app_init: App version:      1[0m
[0;32mI (202) app_init: Compile time:     Oct  1 2025 23:53:56[0m
[0;32mI (207) app_init: ELF file SHA256:  f7062379e...[0m
[0;32mI (212) app_init: ESP-IDF:          v5.5.1[0m
[0;32mI (216) efuse_init: Min chip rev:     v0.0[0m
[0;32mI (219) efuse_init: Max chip rev:     v3.99 [0m
[0;32mI (223) efuse_init: Chip rev:         v3.1[0m
[0;32mI (228) heap_init: Initializing. RAM available for dynamic allocation:[0m
[0;32mI (234) heap_init: At 3FFAE6E0 len 00001920 (6 KiB): DRAM[0m
[0;32mI (239) heap_init: At 3FFB31C8 len 0002CE38 (179 KiB): DRAM[0m
[0;32mI (244) heap_init: At 3FFE0440 len 00003AE0 (14 KiB): D/IRAM[0m
[0;32mI (249) heap_init: At 3FFE4350 len 0001BCB0 (111 KiB): D/IRAM[0m
[0;32mI (255) heap_init: At 4008E050 len 00011FB0 (71 KiB): IRAM[0m
[0;33mW (261) spi_flash: Detected boya flash chip but using generic driver. For optimal functionality, enable `SPI_FLASH_SUPPORT_BOYA_CHIP` in menuconfig[0m
[0;32mI (273) spi_flash: detected chip: generic[0m
[0;32mI (277) spi_flash: flash io: dio[0m
[0;32mI (280) main_task: Started on CPU0[0m
[0;32mI (290) main_task: Calling app_main()[0m
Hello world!
This is esp32 chip with 2 CPU core(s), WiFi/BTBLE, silicon revision v3.1, 4MB external flash
Minimum free heap size: 300284 bytes
Restarting in 10 seconds...
Restarting in 9 seconds...
Restarting in 8 seconds...
Restarting in 7 seconds...
Restarting in 6 seconds...
Restarting in 5 seconds...
Restarting in 4 seconds...
Restarting in 3 seconds...
Restarting in 2 seconds...
Restarting in 1 seconds...
Restarting in 0 seconds...
Restarting now.
This is a test function from global component.
This is a test function from control_pixhawk component.
[0;32mI (11300) control_pixhawk: Wrote 44 bytes[0m
FD 20 00 00 00 01 C8 4C 00 00 00 00 00 00 00 98 A5 46 00 00 00 00 00 00 00 00 00 00 00 00 00 00 00 00 00 00 00 00 90 01 01 01 DB 28 
[0;32mI (11310) control_pixhawk: Read 280 bytes[0m
00 FF 00 FF 00 FF 00 FE 00 FF 00 FC 03 F6 03 00 FC 07 90 07 00 C0 F3 07 00 E0 FF 1B 00 80 78 45 00 20 6E FF BF 2F 00 00 60 7C 47 FE 5E E7 00 00 12 BE FF 0B 4C 6A 00 68 36 0F 4B 80 47 06 00 C0 D6 CB 43 38 1E 00 00 A4 EA CB 0A 5A 00 00 00 C0 87 F2 08 71 00 00 00 08 FF DE 1C EA 02 00 00 30 85 1A 08 A0 00 00 50 74 F0 07 00 1A 00 40 B2 4B 60 00 80 00 40 4E 70 3E 00 10 00 00 60 C4 18 00 02 80 48 20 58 02 00 00 00 B8 22 82 00 12 00 00 10 90 84 04 00 00 80 00 8A 08 08 00 00 02 11 02 04 00 00 00 82 14 40 00 00 00 02 08 00 80 00 00 00 10 04 00 00 00 00 02 00 00 08 00 21 00 00 00 08 00 00 00 89 00 00 00 40 04 80 00 00 00 00 08 00 00 00 03 00 00 00 00 00 00 00 00 00 00 00 01 00 23 00 10 00 00 00 00 00 00 40 00 01 00 00 00 00 00 00 00 20 00 20 00 00 00 80 00 00 00 00 00 00 00 00 00 80 00 00 00 00 00 00 00 00 00 00 00 00 00 04 00 00 00 00 00 
[0;32mI (16390) control_pixhawk: Wrote 44 bytes[0m
FD 20 00 00 01 01 C8 4C 00 00 00 00 00 00 00 98 A5 46 00 00 00 00 00 00 00 00 00 00 00 00 00 00 00 00 00 00 00 00 90 01 01 01 35 62 
[0;32mI (16390) control_pixhawk: Read 280 bytes[0m
00 11 00 00 00 08 00 00 00 00 10 00 00 00 00 00 00 00 00 00 00 00 00 00 00 00 00 00 00 00 00 00 00 00 00 00 00 00 00 00 00 40 00 00 00 00 00 00 00 00 10 00 00 00 04 00 00 00 00 40 00 00 00 00 04 00 00 00 00 00 00 03 00 00 00 00 00 40 00 00 40 40 01 00 30 00 04 00 00 00 00 00 40 04 00 00 00 00 00 00 00 00 00 00 00 00 10 00 00 00 00 00 00 00 00 00 00 00 00 00 02 00 00 80 00 00 00 00 20 00 00 10 02 00 00 80 00 02 00 00 08 00 00 00 10 00 20 00 00 00 20 02 00 00 00 00 00 02 00 00 20 00 00 00 20 00 00 00 00 00 00 00 00 00 00 00 00 00 00 00 00 00 00 00 00 00 00 00 00 00 00 00 00 00 00 40 00 00 00 00 00 00 00 02 00 00 00 40 00 10 00 00 00 00 20 00 00 00 00 00 00 00 00 00 00 02 00 00 00 00 00 08 00 00 00 00 00 00 80 08 00 00 00 00 00 00 00 00 00 00 80 0A 00 00 04 00 00 00 00 00 00 10 00 00 10 00 00 00 42 00 00 08 00 00 00 00 00 00 00 00 
[0;32mI (21470) control_pixhawk: Wrote 44 bytes[0m
FD 20 00 00 02 01 C8 4C 00 00 00 00 00 00 00 98 A5 46 00 00 00 00 00 00 00 00 00 00 00 00 00 00 00 00 00 00 00 00 90 01 01 01 07 BD 
[0;32mI (21470) control_pixhawk: Read 280 bytes[0m
00 40 08 00 40 00 20 00 00 00 00 00 00 00 00 00 00 00 20 00 00 50 02 00 00 07 00 00 00 00 00 00 00 08 00 00 00 00 00 00 00 00 00 00 00 00 00 00 00 00 00 00 00 00 00 00 00 00 00 00 00 00 00 00 00 00 00 00 00 00 00 00 00 00 00 00 00 00 00 00 00 00 00 00 00 00 00 00 00 00 00 00 00 00 00 00 00 00 00 00 00 00 08 00 00 00 00 00 00 00 00 00 00 00 00 00 00 00 00 00 00 00 00 00 00 00 01 00 00 00 00 08 00 00 00 02 00 00 00 00 10 00 00 00 04 00 00 00 00 00 00 00 00 00 00 00 00 00 00 00 00 08 00 00 00 00 00 00 00 40 00 00 00 41 00 10 00 00 00 80 80 04 00 00 00 10 00 40 00 00 00 00 00 00 00 00 00 00 00 00 00 00 00 00 00 00 00 04 00 00 00 00 00 00 00 00 00 00 10 00 00 00 40 00 00 00 00 00 40 00 02 20 00 00 00 20 00 00 00 00 00 00 00 00 80 20 00 00 00 02 00 00 08 00 80 81 00 00 00 01 40 00 00 00 00 00 00 00 00 00 00 00 00 00 00 00 00 00 00 00 
[0;32mI (26550) control_pixhawk: Wrote 44 bytes[0m
FD 20 00 00 03 01 C8 4C 00 00 00 00 00 00 00 98 A5 46 00 00 00 00 00 00 00 00 00 00 00 00 00 00 00 00 00 00 00 00 90 01 01 01 E9 F7 
[0;32mI (26550) control_pixhawk: Read 280 bytes[0m
00 00 08 20 00 00 04 00 00 00 10 21 00 00 04 82 00 00 08 60 00 00 00 00 00 40 00 00 00 40 00 00 00 00 00 20 00 00 10 40 00 00 00 00 00 00 00 00 00 00 00 00 00 00 00 00 00 00 00 00 00 00 00 02 00 00 00 40 20 00 00 00 00 00 00 00 00 00 00 00 00 00 00 00 00 00 00 04 00 00 00 10 00 00 00 08 00 00 08 00 00 00 01 00 03 00 20 00 00 00 08 40 00 00 20 00 00 00 00 00 00 01 02 00 00 00 00 00 00 00 00 00 00 00 00 00 00 00 02 02 00 00 00 00 80 00 00 40 02 00 00 00 00 00 00 00 00 01 00 20 00 00 40 40 00 00 00 00 00 80 40 00 00 00 00 00 00 00 00 00 00 00 00 00 00 00 00 00 00 00 00 00 00 02 02 00 00 00 00 00 00 00 00 00 00 18 00 00 00 10 00 00 00 00 00 00 00 00 00 00 00 00 00 00 00 00 00 00 00 00 00 00 00 00 00 00 00 00 00 00 00 00 00 00 00 00 00 00 00 00 00 00 00 00 00 00 00 00 00 00 00 00 00 00 00 00 00 00 00 00 00 00 00 00 00 00 00 00 00 00 
[0;32mI (31630) control_pixhawk: Wrote 44 bytes[0m
FD 20 00 00 04 01 C8 4C 00 00 00 00 00 00 00 98 A5 46 00 00 00 00 00 00 00 00 00 00 00 00 00 00 00 00 00 00 00 00 90 01 01 01 72 0B 
[0;32mI (31630) control_pixhawk: Read 280 bytes[0m
00 00 00 00 00 00 00 00 00 00 00 00 00 00 40 00 00 00 00 00 00 00 00 00 00 00 00 00 02 00 00 00 00 00 00 00 00 00 00 00 00 00 00 00 00 00 80 3B F9 00 F3 0B 00 C8 07 80 EF 21 00 80 89 FF 41 22 00 00 A0 BF 8F 04 00 08 DD 4F 28 08 00 00 40 2A 00 08 00 00 00 08 01 00 00 C0 0E 00 00 00 00 E0 00 00 00 00 41 00 00 00 00 00 80 0C 00 00 00 B8 00 10 00 08 00 00 00 00 00 00 00 00 00 00 02 00 00 00 00 18 00 00 10 C0 08 10 00 40 00 80 00 00 04 00 00 0C 02 20 10 00 00 00 00 00 00 04 00 00 00 00 00 00 40 00 00 00 00 00 00 00 40 00 00 00 00 00 00 00 00 00 00 02 00 80 00 00 00 00 00 00 00 00 80 00 00 40 00 00 00 00 02 00 03 00 00 40 00 00 80 00 00 00 00 00 00 40 00 00 40 10 00 00 00 00 20 00 00 80 00 00 42 00 00 00 00 00 00 00 00 00 00 00 40 04 00 00 00 00 08 00 00 00 02 00 40 00 40 10 02 00 00 00 00 08 00 00 00 00 00 00 18 40 00 02 00 00 00 50 
[0;32mI (36710) control_pixhawk: Wrote 44 bytes[0m
FD 20 00 00 05 01 C8 4C 00 00 00 00 00 00 00 98 A5 46 00 00 00 00 00 00 00 00 00 00 00 00 00 00 00 00 00 00 00 00 90 01 01 01 9C 41 
[0;32mI (36710) control_pixhawk: Read 280 bytes[0m
00 00 00 00 00 00 00 00 20 00 00 00 00 00 00 00 00 00 00 00 00 00 00 00 00 00 00 00 00 00 00 00 00 70 3F 03 88 03 60 6F 2F 02 00 00 20 98 8F 85 00 40 00 00 C0 03 84 0C 20 00 00 00 10 30 00 00 00 00 00 00 00 00 00 00 00 80 00 00 00 00 00 00 00 00 00 00 00 00 00 00 00 00 00 00 00 00 00 00 00 00 00 00 00 00 00 00 00 00 00 00 00 00 00 00 00 00 00 00 00 00 00 00 00 00 00 00 00 00 00 00 00 00 00 00 00 00 00 00 00 00 00 00 00 00 00 00 00 00 00 00 80 00 00 00 00 00 00 00 00 00 04 00 00 00 00 08 00 00 00 00 14 00 00 20 00 00 00 00 00 02 00 00 00 00 00 80 00 00 00 40 00 00 0C 00 01 00 00 00 00 00 00 00 04 00 00 00 80 00 00 00 00 08 20 20 00 00 20 00 00 00 00 20 0C 10 00 43 02 00 00 00 00 08 00 48 00 00 20 08 E0 0C 00 00 00 00 5C 02 00 00 00 40 C0 02 00 00 00 00 04 04 00 00 00 00 30 00 00 00 00 80 00 08 02 00 00 00 08 87 00 A0 23 86 02 00 
[0;32mI (41790) control_pixhawk: Wrote 44 bytes[0m
FD 20 00 00 06 01 C8 4C 00 00 00 00 00 00 00 98 A5 46 00 00 00 00 00 00 00 00 00 00 00 00 00 00 00 00 00 00 00 00 90 01 01 01 AE 9E 
[0;32mI (41790) control_pixhawk: Read 280 bytes[0m
00 10 22 08 00 00 00 00 0C 18 82 00 00 00 80 80 54 00 00 00 00 30 86 06 00 00 00 00 A0 01 08 00 00 00 40 49 30 60 00 00 00 B0 0A 80 00 00 00 00 00 10 02 08 00 00 40 22 03 00 00 00 01 5C 10 00 00 00 60 80 80 00 00 01 20 88 00 00 00 40 3C 03 00 00 00 80 8A 00 00 00 20 20 01 00 00 00 00 00 00 00 00 00 00 00 00 00 00 00 00 00 00 20 02 00 00 00 00 40 00 00 00 20 48 00 00 00 00 86 00 1C 00 00 00 C6 C0 10 00 00 00 0C E1 4A 00 00 20 C0 16 6C 18 00 00 00 40 8C 04 00 01 00 18 24 19 00 00 00 40 08 69 00 00 00 00 88 8D 8A 20 00 00 D8 70 35 00 00 00 40 14 68 D6 02 00 00 00 EA 61 1D 00 00 00 08 86 CB 1C 20 00 00 00 14 82 09 00 00 00 00 E1 C1 AE 80 00 00 00 2C 86 13 00 00 40 C0 00 BD 82 00 00 00 70 33 B8 08 00 50 08 04 00 00 00 30 03 10 04 00 00 9C C6 4A 00 00 00 28 CB 0C 00 81 48 40 20 00 00 08 10 50 00 00 00 48 00 0E 00 00 00 00 00 00 00 00 
[0;32mI (46870) control_pixhawk: Wrote 44 bytes[0m
FD 20 00 00 07 01 C8 4C 00 00 00 00 00 00 00 98 A5 46 00 00 00 00 00 00 00 00 00 00 00 00 00 00 00 00 00 00 00 00 90 01 01 01 40 D4 
[0;32mI (46870) control_pixhawk: Read 280 bytes[0m
00 00 00 00 00 00 00 00 00 00 00 FC BF FF 0F 00 10 B4 7E FF 10 00 14 14 ED 84 00 00 B8 77 76 4C 00 00 88 FD EF 24 00 70 5F 71 00 00 C6 23 AF 00 00 01 9A 42 00 00 00 EC 18 00 60 04 6C 08 22 06 38 02 00 70 08 0E 18 C0 2C 0A 00 08 61 4E 00 08 81 19 00 00 00 10 02 03 04 04 84 00 00 88 86 00 00 00 8A 00 00 00 D0 07 00 40 1A 06 00 00 8C 1E 00 10 C0 02 00 80 38 02 00 00 00 10 0D 00 00 00 00 26 00 00 00 E0 00 00 00 01 01 00 00 00 06 00 00 C0 02 00 00 00 00 42 00 00 08 12 00 00 88 08 00 00 00 00 13 00 00 00 00 0C 84 00 00 80 7F 00 08 42 00 00 88 05 40 08 00 00 C0 18 00 00 00 00 10 0F 70 44 00 00 10 30 80 00 00 00 80 04 00 00 01 00 41 00 00 00 00 18 42 00 00 00 38 02 12 00 00 00 30 00 00 20 00 21 00 00 00 00 00 00 00 00 10 00 00 00 00 00 00 00 20 04 10 00 00 00 00 00 00 00 00 00 00 00 00 00 00 00 09 00 00 00 00 FF 02 FE 00 88 04 EC FF 13 
[0;32mI (51950) control_pixhawk: Wrote 44 bytes[0m
FD 20 00 00 08 01 C8 4C 00 00 00 00 00 00 00 98 A5 46 00 00 00 00 00 00 00 00 00 00 00 00 00 00 00 00 00 00 00 00 90 01 01 01 89 6F 
[0;32mI (52050) control_pixhawk: Read 236 bytes[0m
00 83 02 00 40 FF FF 01 00 F2 7F 39 00 00 00 7F FF EF CC 07 00 00 54 7A DF AF 60 0A 00 40 38 5F 53 06 0F 04 00 00 02 AD FF 11 08 00 00 A1 FB 9F 01 08 21 00 88 75 CB 40 03 00 00 F0 E0 8C B0 00 00 00 C0 08 09 60 08 00 90 4C 00 43 40 E6 00 60 88 02 00 5A 01 00 80 06 A0 80 45 00 00 81 08 C6 41 DF 04 00 00 88 39 81 63 02 00 00 42 78 02 D5 20 00 00 88 21 0A 59 05 01 00 E0 06 C6 D8 8F 00 20 E0 C1 42 72 00 00 20 08 14 20 AB 83 02 20 48 00 ED 7F 24 00 20 60 48 76 0F 00 00 00 00 30 78 56 06 00 00 80 04 A0 21 00 00 00 1B 78 1C 00 00 00 C0 11 E7 3F 00 20 00 C4 EF 00 00 00 08 0C DF 41 00 00 00 E1 FF 07 08 00 18 D0 EF 0B 00 00 00 02 C2 E7 63 0A 00 00 74 D8 7F 43 00 10 08 02 41 00 00 C1 FC 3D 19 00 00 00 F4 0E 83 
[0;32mI (57100) control_pixhawk: Wrote 44 bytes[0m
FD 20 00 00 09 01 C8 4C 00 00 00 00 00 00 00 98 A5 46 00 00 00 00 00 00 00 00 00 00 00 00 00 00 00 00 00 00 00 00 90 01 01 01 67 25 
[0;33mW (57200) control_pixhawk: No response received[0m

[0;32mI (62200) control_pixhawk: Wrote 44 bytes[0m
FD 20 00 00 0A 01 C8 4C 00 00 00 00 00 00 00 98 A5 46 00 00 00 00 00 00 00 00 00 00 00 00 00 00 00 00 00 00 00 00 90 01 01 01 55 FA 
[0;33mW (62300) control_pixhawk: No response received[0m

[0;32mI (67300) control_pixhawk: Wrote 44 bytes[0m
FD 20 00 00 0B 01 C8 4C 00 00 00 00 00 00 00 98 A5 46 00 00 00 00 00 00 00 00 00 00 00 00 00 00 00 00 00 00 00 00 90 01 01 01 BB B0 
[0;33mW (67400) control_pixhawk: No response received[0m

[0;32mI (72400) control_pixhawk: Wrote 44 bytes[0m
FD 20 00 00 0C 01 C8 4C 00 00 00 00 00 00 00 98 A5 46 00 00 00 00 00 00 00 00 00 00 00 00 00 00 00 00 00 00 00 00 90 01 01 01 20 4C 
[0;33mW (72500) control_pixhawk: No response received[0m

[0;32mI (77500) control_pixhawk: Wrote 44 bytes[0m
FD 20 00 00 0D 01 C8 4C 00 00 00 00 00 00 00 98 A5 46 00 00 00 00 00 00 00 00 00 00 00 00 00 00 00 00 00 00 00 00 90 01 01 01 CE 06 
[0;33mW (77600) control_pixhawk: No response received[0m

[0;32mI (82600) control_pixhawk: Wrote 44 bytes[0m
FD 20 00 00 0E 01 C8 4C 00 00 00 00 00 00 00 98 A5 46 00 00 00 00 00 00 00 00 00 00 00 00 00 00 00 00 00 00 00 00 90 01 01 01 FC D9 
[0;33mW (82700) control_pixhawk: No response received[0m

[0;32mI (87700) control_pixhawk: Wrote 44 bytes[0m
FD 20 00 00 0F 01 C8 4C 00 00 00 00 00 00 00 98 A5 46 00 00 00 00 00 00 00 00 00 00 00 00 00 00 00 00 00 00 00 00 90 01 01 01 12 93 
[0;33mW (87800) control_pixhawk: No response received[0m

[0;32mI (92800) control_pixhawk: Wrote 44 bytes[0m
FD 20 00 00 10 01 C8 4C 00 00 00 00 00 00 00 98 A5 46 00 00 00 00 00 00 00 00 00 00 00 00 00 00 00 00 00 00 00 00 90 01 01 01 7F A6 
[0;33mW (92900) control_pixhawk: No response received[0m

[0;32mI (97900) control_pixhawk: Wrote 44 bytes[0m
FD 20 00 00 11 01 C8 4C 00 00 00 00 00 00 00 98 A5 46 00 00 00 00 00 00 00 00 00 00 00 00 00 00 00 00 00 00 00 00 90 01 01 01 91 EC 
[0;33mW (98000) control_pixhawk: No response received[0m

[0;32mI (103000) control_pixhawk: Wrote 44 bytes[0m
FD 20 00 00 12 01 C8 4C 00 00 00 00 00 00 00 98 A5 46 00 00 00 00 00 00 00 00 00 00 00 00 00 00 00 00 00 00 00 00 90 01 01 01 A3 33 
[0;33mW (103100) control_pixhawk: No response received[0m

[0;32mI (108100) control_pixhawk: Wrote 44 bytes[0m
FD 20 00 00 13 01 C8 4C 00 00 00 00 00 00 00 98 A5 46 00 00 00 00 00 00 00 00 00 00 00 00 00 00 00 00 00 00 00 00 90 01 01 01 4D 79 
[0;33mW (108200) control_pixhawk: No response received[0m

[0;32mI (113200) control_pixhawk: Wrote 44 bytes[0m
FD 20 00 00 14 01 C8 4C 00 00 00 00 00 00 00 98 A5 46 00 00 00 00 00 00 00 00 00 00 00 00 00 00 00 00 00 00 00 00 90 01 01 01 D6 85 
[0;33mW (113300) control_pixhawk: No response received[0m

[0;32mI (118300) control_pixhawk: Wrote 44 bytes[0m
FD 20 00 00 15 01 C8 4C 00 00 00 00 00 00 00 98 A5 46 00 00 00 00 00 00 00 00 00 00 00 00 00 00 00 00 00 00 00 00 90 01 01 01 38 CF 
[0;33mW (118400) control_pixhawk: No response received[0m

[0;32mI (123400) control_pixhawk: Wrote 44 bytes[0m
FD 20 00 00 16 01 C8 4C 00 00 00 00 00 00 00 98 A5 46 00 00 00 00 00 00 00 00 00 00 00 00 00 00 00 00 00 00 00 00 90 01 01 01 0A 10 
[0;33mW (123500) control_pixhawk: No response received[0m

[0;32mI (128500) control_pixhawk: Wrote 44 bytes[0m
FD 20 00 00 17 01 C8 4C 00 00 00 00 00 00 00 98 A5 46 00 00 00 00 00 00 00 00 00 00 00 00 00 00 00 00 00 00 00 00 90 01 01 01 E4 5A 
[0;33mW (128600) control_pixhawk: No response received[0m

[0;32mI (133600) control_pixhawk: Wrote 44 bytes[0m
FD 20 00 00 18 01 C8 4C 00 00 00 00 00 00 00 98 A5 46 00 00 00 00 00 00 00 00 00 00 00 00 00 00 00 00 00 00 00 00 90 01 01 01 2D E1 
[0;32mI (135440) control_pixhawk: Read 280 bytes[0m
FC 00 F8 00 FC 00 FE 00 FE 01 FF 00 FE 00 FF 00 FF 00 FE 00 FF 00 FF 00 FF 00 FF 00 00 FE 00 FC 00 FC 00 FD 00 FE 00 F9 00 FC 02 01 FF 01 FD 00 FA 00 FA 00 FD 00 FC 00 FE 00 FF 00 FF 00 FF 00 FE 00 FE 00 FF 00 FE 00 FF 00 FF 00 FF 00 FF 00 FF 00 FF 01 FF 00 FF 00 FE 00 F2 00 FE 00 30 A5 C6 00 FE 02 F8 00 FC 00 FF 03 F8 00 FE 00 F6 01 FE 01 FF 00 FC 00 F0 01 F4 02 FF 00 F8 00 FE 00 E0 01 FE 00 F4 00 F8 00 FC 00 FE 00 C4 01 FE 00 FE 00 FE 00 FC 00 F6 00 B8 01 FC 00 F8 01 FE 00 FC 00 FE 00 FC 00 FC 00 EC 00 FF 00 FF 00 FC 00 FC 00 FF 00 FC 00 FC 00 FE 00 FE 00 F8 00 FE 00 E8 00 FC 00 FE 00 01 F8 00 FC 00 EC 00 FF 00 FF 00 E4 00 FF 00 FC 00 FC 00 F5 01 F3 00 E1 00 FC 00 F0 00 D7 00 F2 01 F8 00 68 00 A0 00 F8 00 C6 00 FD 00 E7 00 EE 00 FE 01 F8 00 D8 00 DE 00 F8 00 FC 00 FF 01 F8 00 F2 00 FC 00 FD 00 FF 01 EC 00 FC 00 CE 00 FB 00 F0 
[0;32mI (140500) control_pixhawk: Wrote 44 bytes[0m
FD 20 00 00 19 01 C8 4C 00 00 00 00 00 00 00 98 A5 46 00 00 00 00 00 00 00 00 00 00 00 00 00 00 00 00 00 00 00 00 90 01 01 01 C3 AB 
[0;32mI (140600) control_pixhawk: Read 273 bytes[0m
00 70 00 FE 00 F0 00 F4 00 F8 00 FE 00 F7 00 FC 00 EC 00 D8 00 F2 00 00 00 F8 00 E4 00 CE 00 F8 00 FB 00 EC 00 9C 00 FB 00 FC 00 F8 00 F9 00 EF 01 B8 00 F5 00 FC 00 FE 00 FC 00 E0 00 79 00 F6 00 F0 00 FE 01 FC 00 FC 00 F9 00 FF 00 F2 00 FC 00 B6 00 E0 00 F5 00 F5 00 F4 00 EC 00 E0 00 EC 00 E4 00 F0 00 FB 00 F0 00 FE 00 F8 00 FA 00 FC 00 FE 00 F4 00 FB 00 FF 00 F8 00 FC 00 E4 00 72 00 FF 00 FF 01 FC 00 FA 00 FC 00 FC 00 F8 01 F4 00 F8 01 F8 01 FA 00 FE 00 D0 00 F8 00 FB 01 FE 00 F8 00 FC 01 FF 00 FA 01 FF 00 FC 00 FC 00 FA 01 F0 02 FA 00 FE 00 FE 00 FA 04 FC 01 FE 00 FC 00 B8 00 FF 00 FF 00 FE 00 FE 00 FE 00 FF 00 FE 00 00 FF 00 FF 00 FF 00 FF 00 FE 00 FF 00 FE 00 00 FF 00 FF 00 FF 00 FF 00 00 FF 00 00 FE 00 FF 00 FF 00 00 FF 00 FF 00 00 FF 00 FF 00 FD 01 00 FF 00 00 FC 00 00 FF 00 FF 00 00 00 FF 00 FD 01 E0 
[0;32mI (145660) control_pixhawk: Wrote 44 bytes[0m
FD 20 00 00 1A 01 C8 4C 00 00 00 00 00 00 00 98 A5 46 00 00 00 00 00 00 00 00 00 00 00 00 00 00 00 00 00 00 00 00 90 01 01 01 F1 74 
[0;32mI (148220) control_pixhawk: Read 280 bytes[0m
07 00 00 00 B0 73 00 00 00 FF 01 FF 00 FF 01 FE 02 FE 01 FF 05 FF 0D FF 01 01 FE 00 FE 01 FC 00 FF 00 FE 00 F8 00 FF 00 FF 00 FC 00 FE 00 FC 00 FF 02 FF 00 FC 03 FE 00 FC 01 FF 00 FC 00 FC 00 FE 00 FF 00 FC 00 FE 00 FF 00 00 FF 03 FF 00 FE 00 FF 00 FB 00 00 FF 00 FC 01 FF 00 FF 00 FD 00 FE 00 FE 00 FB 00 FE 00 FF 00 FC 00 FF 00 FF 00 FF 00 FE 00 FE 00 FF 00 00 FC 00 FF 00 FE 00 FF 00 FF 01 FE 00 FE 00 FE 00 FE 00 FF 00 FF 00 FF 00 FE 00 FF 00 FF 00 00 FF 00 00 FF 00 FF 00 FF 00 FF 00 FF 00 FE 00 FF 00 FF 00 FF 00 FF 00 FF 00 FF 00 FE 00 FF 00 FF 00 FE 00 FE 00 FE 00 FF 00 FE 00 FF 01 FF 00 FF 00 FF 00 FE 00 FF 00 FE 01 FF 01 00 FF 01 00 FF 00 00 FF 00 00 FF 00 00 FE 00 00 FF 02 FE 00 FF 00 FE 00 00 02 FF 00 FF 00 FE 00 FF 00 FE 00 FF 00 FE 00 FE 00 FF 01 FE 00 FF 00 FF 02 01 FF 00 00 FE 00 FF 00 FE 00 FE 01 FF 00 FF 00 FF 00 FF 
[0;32mI (153290) control_pixhawk: Wrote 44 bytes[0m
FD 20 00 00 1B 01 C8 4C 00 00 00 00 00 00 00 98 A5 46 00 00 00 00 00 00 00 00 00 00 00 00 00 00 00 00 00 00 00 00 90 01 01 01 1F 3E 
[0;32mI (153290) control_pixhawk: Read 280 bytes[0m
00 FE 00 FF 00 FE 01 FF 01 FF 01 FF 00 FF 00 FF 00 00 FE 00 FF 00 FF 00 FE 00 FF 00 FE 00 FF 03 FE 00 FF 00 FE 00 FE 01 FE 00 FF 01 FE 00 FF 00 FF 00 FF 01 FE 00 00 FF 01 00 FE 01 01 FF 00 FF 00 FF 00 FF 00 FF 00 00 FE 00 FF 01 FF 00 FC 00 FF 00 FF 00 FF 00 FF 00 00 FF 00 FF 00 FF 00 FF 00 FF 00 FF 00 FE 00 FF 00 00 FE 00 FF 00 FF 00 FE 00 FE 01 FF 00 FF 00 FF 00 FF 00 FE 00 FE 00 FF 00 FE 00 FF 01 FF 00 FE 00 FF 00 FE 00 FE 00 FE 00 FF 00 FF 00 FF 00 FE 00 00 FE 00 FE 00 FF 00 FF 00 FE 00 FF 00 FE 00 FF 00 FF 00 FF 00 FF 00 FF 00 FE 00 FF 00 FF 00 00 FF 01 FF 00 FF 00 FE 00 FF 00 FF 00 FE 00 FE 00 FF 00 FE 01 FE 00 FE 00 FF 00 FE 00 FF 00 FE 00 FF 00 FF 00 FF 00 00 FF 00 00 FE 01 FF 00 FF 00 FF 00 FE 00 FF 00 FE 00 FF 00 FF 00 00 FD 00 FF 00 FE 01 FE 02 FE 00 FF 00 FF 00 FF 00 FF 00 FF 00 FE 02 FF 00 FF 01 00 FF 00 FF 00 FF 00 
[0;32mI (158370) control_pixhawk: Wrote 44 bytes[0m
FD 20 00 00 1C 01 C8 4C 00 00 00 00 00 00 00 98 A5 46 00 00 00 00 00 00 00 00 00 00 00 00 00 00 00 00 00 00 00 00 90 01 01 01 84 C2 
[0;32mI (158470) control_pixhawk: Read 54 bytes[0m
00 FF 00 00 00 FF 00 00 FF 00 FF 00 00 FF 00 FF 00 01 FF 00 FF 00 FE 00 FF 00 FE 00 FF 00 FE 00 FF 00 FF 00 01 FF 00 FF 00 FF 00 00 00 FC 00 FF 00 FF 00 FE 00 FF 
[0;32mI (163470) control_pixhawk: Wrote 44 bytes[0m
FD 20 00 00 1D 01 C8 4C 00 00 00 00 00 00 00 98 A5 46 00 00 00 00 00 00 00 00 00 00 00 00 00 00 00 00 00 00 00 00 90 01 01 01 6A 88 
[0;33mW (163570) control_pixhawk: No response received[0m

[0;32mI (168570) control_pixhawk: Wrote 44 bytes[0m
FD 20 00 00 1E 01 C8 4C 00 00 00 00 00 00 00 98 A5 46 00 00 00 00 00 00 00 00 00 00 00 00 00 00 00 00 00 00 00 00 90 01 01 01 58 57 
[0;32mI (168570) control_pixhawk: Read 280 bytes[0m
00 FF 00 FF 00 FF 00 FF 00 FF 00 00 FF 00 FF 00 FF 00 FE 00 FF 00 FF 00 FE 00 FF 01 FF 00 FE 01 FE 00 FF 00 00 FF 03 FE 00 FB 00 FE 01 FF 00 FE 01 FE 01 FF 00 FE 00 FE 00 00 FF 00 FE 00 FF 00 FF 00 FE 00 FF 01 FF 01 FE 01 FE 01 FE 00 F8 00 FE 00 FE 00 F8 00 FE 04 FE 00 FE 00 FF 00 FE 00 FE 00 FF 01 FF 00 F8 05 FE 01 FF 33 00 FE 00 FF 00 FF 00 FE 00 FF 00 FF 03 FF 00 FF 01 FC 00 FE 01 FF 02 FE 01 FE 01 FE 00 FE 00 FE 01 FE 00 FF 00 FF 02 FE 00 FF 01 01 FF 00 FE 00 FE 01 FE 01 FF 00 FC 03 FF 00 FE 00 FE 00 FE 01 FE 00 FF 00 FF 00 FC 01 FC 00 FE 00 FE 02 F5 01 F8 00 FE 02 FF 01 F8 01 FE 00 FE 00 FC 01 F4 08 FC 00 F8 00 FF 03 FC 01 FC 03 FC 01 F0 01 FA 00 FA 0F 00 FC 63 00 F9 01 BE 00 F0 00 FA 00 FC 00 FF 00 FF 03 00 FF 01 FF 03 FF 00 FE 00 FC 02 FF 00 FF 08 FF 00 FA 00 FA 02 FC 00 FD 00 FE 02 FE 01 FC 00 FA 00 00 FC 00 FF 00 FF 00 
[0;32mI (173650) control_pixhawk: Wrote 44 bytes[0m
FD 20 00 00 1F 01 C8 4C 00 00 00 00 00 00 00 98 A5 46 00 00 00 00 00 00 00 00 00 00 00 00 00 00 00 00 00 00 00 00 90 01 01 01 B6 1D 
[0;32mI (173650) control_pixhawk: Read 280 bytes[0m
FE 00 FC 00 FF 00 FF 00 FC 05 FA 01 FC 00 FC 00 FE 01 FE 01 F8 00 FE 00 FF 03 FE 00 FB 00 FE 00 FF 02 FE 03 FF 00 00 01 FF 00 FF 00 FC 00 FC 00 FE 01 FC 00 FD 00 FB 01 F8 00 F8 04 FF 03 FE 02 FF 02 FA 00 FF 00 FE 00 FF 00 FF 01 FD 01 FA 00 FC 01 FF 00 FE 00 FE 07 FE 21 FF 00 FE 00 FF 01 FD 00 FC 00 FC 0B FF 00 FE 0B FE 02 FC 00 F8 00 FC 01 FC 00 FC 00 FD 01 FE 01 FF 00 F0 00 FB 00 FC 03 FF 00 FF 02 FC 01 FE 00 FE 00 FF 00 FF 00 FE 00 FC 00 FE 03 FC 00 00 FF 01 FF 01 FE 01 FE 03 FC 01 FD 00 FA 00 00 FE 00 FA 00 FE 01 FC 00 FE 00 00 FF 03 FE 00 FE 07 F7 01 F4 00 FF 04 FE 01 FE 01 FB 00 00 F9 00 00 FE 01 FE 02 FF 00 F8 01 FE 01 FC 00 FA 00 FF 01 00 FE 0B FF 08 FE 01 FF 00 FF 00 FF 02 FE 00 FE 00 FE 00 FF 00 FF 01 FF 00 FF 00 FF 01 FE 00 FC 02 FE 00 FE 02 FF 00 FE 00 FF 00 E0 00 FA 01 FB 00 FF 01 FF 00 FE 00 FF 03 FE 02 FC 01 FC 02 
[0;32mI (178730) control_pixhawk: Wrote 44 bytes[0m
FD 20 00 00 20 01 C8 4C 00 00 00 00 00 00 00 98 A5 46 00 00 00 00 00 00 00 00 00 00 00 00 00 00 00 00 00 00 00 00 90 01 01 01 82 3D 
[0;32mI (178730) control_pixhawk: Read 280 bytes[0m
FF 00 F8 00 FF 02 FA 00 FE 01 FA 01 FE 00 00 FC 01 FA 01 FE 01 FB 00 FD 00 FC 00 FE 00 FE 01 FF 00 FC 03 FC 01 FF 01 FF 00 FF 00 FE 00 FE 01 FC 05 FE 03 F9 00 FF 00 FF 00 FE 00 FE 00 FE 00 F8 00 FE 03 FC 01 FE 00 FE 01 FF 01 FF 01 FF 00 FE 00 FF 01 01 FE 01 FA 01 FF 00 FF 01 FE 00 FF 01 01 FF 00 FF 00 FE 00 FE 00 FE 00 FE 00 FE 00 F8 04 FF 00 FF 02 FF 00 FF 01 FF 00 FE 00 FE 00 FF 00 FF 00 FF 00 FF 00 FE 00 FF 01 FF 00 FF 00 FF 02 FE 00 FF 00 FE 00 FF 01 FF 03 FE 03 FF 01 FF 00 FF 01 FF 00 00 FF 00 FE 04 FE 00 FF 00 00 FF 01 FE 01 FE 01 FF 00 FF 00 FE 00 FE 00 FE 00 FC 00 FF 00 00 FE 00 FE 01 FE 00 FE 01 01 FE 00 FE 00 FB 00 FF 03 FC 00 FF 00 F8 7F 00 FC 46 FE 03 FD 0F 00 FC 00 00 FE 01 FE 01 FB 03 FC 01 C8 11 40 17 90 00 00 08 28 07 00 E0 01 E5 00 FC 03 C8 03 F9 00 FB 01 FC 01 FF 00 FE 00 FE 03 FA 01 FF 01 FE 01 FF 00 FE 00 00 
[0;32mI (183810) control_pixhawk: Wrote 44 bytes[0m
FD 20 00 00 21 01 C8 4C 00 00 00 00 00 00 00 98 A5 46 00 00 00 00 00 00 00 00 00 00 00 00 00 00 00 00 00 00 00 00 90 01 01 01 6C 77 
[0;32mI (183810) control_pixhawk: Read 280 bytes[0m
00 FC 00 FF 00 00 00 00 01 C8 4C 00 00 00 00 00 00 00 98 A5 46 00 00 00 00 00 00 00 00 00 00 00 00 00 00 00 00 FF 01 FE 01 FE 00 FE 00 FF 00 FF 00 FE 00 00 FE 01 FF 00 00 FF 00 FF 00 FF 00 FF 00 FC 00 FE 00 00 FE 00 FD 00 00 FE 00 FD 00 FE 00 FE 00 FE 00 FF 00 FF 00 FE 00 FF 00 FF 00 00 FF 00 FF 00 FF 00 FF 00 FF 00 00 FF 00 FF 00 00 00 FF 00 FE 00 FF 00 FF 00 FF 00 00 00 FF 00 FF 00 FF 00 FF 00 00 FF 00 00 FF 00 00 00 00 FF 00 FE 00 FF 00 FF 00 00 FC 00 FE 00 FE 00 FE 00 FF 00 FF 00 00 FF 00 FF 00 FF 00 00 FF 00 FE 00 00 FE 00 FF 00 FF 00 FF 00 FF 00 FE 00 00 FF 00 FF 00 00 FF 00 00 FE 00 FF 01 FF 00 FE 00 00 FF 00 FF 00 00 00 FA 00 00 FE 00 00 FF 00 FE 01 FF 00 FF 00 FF 00 FE 00 FF 02 FF 00 FC 00 FF 00 FF 01 FC 00 00 FF 00 FF 00 FE 01 FF 00 FF 03 FF 00 FF 00 FF 02 00 FF 00 00 00 FF 00 FF 00 01 00 FF 00 FF 00 FF 00 FE 00 FF 00 
[0;32mI (188890) control_pixhawk: Wrote 44 bytes[0m
FD 20 00 00 22 01 C8 4C 00 00 00 00 00 00 00 98 A5 46 00 00 00 00 00 00 00 00 00 00 00 00 00 00 00 00 00 00 00 00 90 01 01 01 5E A8 
[0;32mI (188890) control_pixhawk: Read 280 bytes[0m
FE 02 00 FF 00 FF 00 00 FF 00 FF 00 F8 00 FE 00 FE 00 FE 03 FF 00 FF 00 FF 00 FF 00 01 00 FF 00 FF 00 00 FF 00 00 FF 00 FF 00 FF 00 FF 00 FF 00 FF 00 00 FF 00 FF 00 FF 00 FE 00 FF 00 FE 01 FF 00 FE 01 FF 00 00 FF 01 FF 00 FF 00 00 00 FF 01 FE 01 FF 00 FF 03 FE 00 FE 00 01 00 FE 00 FF 01 FF 00 05 FF 00 FF 00 FF 01 FF 00 FF 00 FE 00 FC 00 FE 00 FE 00 FD 00 FC 00 FE 00 FF 00 00 00 FF 00 00 FF 00 00 00 FF 00 00 00 FF 00 00 00 00 00 FF 00 FF 00 FF 00 00 00 FF 00 00 00 00 00 FF 00 00 00 00 FF 00 00 00 FF 00 00 00 FF 00 FF 00 00 00 FF 00 FF 00 00 FF 00 00 00 FF 00 FF 00 FF 00 FF 00 00 00 00 FE 00 FF 00 00 FF 00 FF 00 FF 00 00 FF 00 FF 00 00 00 FF 00 FF 00 FF 00 FE 00 FF 00 00 00 FF 00 00 FF 00 00 00 FF 00 FF 00 FF 00 FF 00 FF 00 00 00 FF 00 00 FF 00 FF 00 FF 00 FF 00 FF 00 FF 00 00 FF 00 FF 00 FF 00 FF 00 FF 00 FF 00 FF 00 FF 00 00 FE 
[0;32mI (193970) control_pixhawk: Wrote 44 bytes[0m
FD 20 00 00 23 01 C8 4C 00 00 00 00 00 00 00 98 A5 46 00 00 00 00 00 00 00 00 00 00 00 00 00 00 00 00 00 00 00 00 90 01 01 01 B0 E2 
[0;32mI (193970) control_pixhawk: Read 280 bytes[0m
00 00 00 FE 00 FE 00 00 FF 00 FF 00 FF 00 FE 00 FF 00 FE 00 FF 00 FF 00 FF 00 00 FF 00 FF 00 FE 00 00 FE 00 FF 00 FF 00 FF 00 FF 00 FE 00 FF 00 FF 00 00 FF 00 FF 00 FF 00 FF 00 00 FF 00 FF 01 00 00 FF 00 00 FF 00 FF 00 00 01 FF 00 FF 00 00 01 00 FF 00 00 FE 00 00 FE 01 FE 00 00 00 FC 00 FF 00 00 FD 00 00 FF 00 FF 00 00 FF 00 FF 00 FF 01 FF 00 00 FF 02 FF 01 FD 01 FF 00 FF 01 FF 07 FF 04 FF 13 FF 00 FC 00 00 FF 00 FF 00 00 01 FE 00 00 FF 00 F9 00 FF 00 00 FE 01 FF 00 FF 00 FE 00 FF 00 00 FF 00 FF 00 00 FF 00 FF 00 FF 01 FF 00 FF 00 FF 00 00 FE 00 FF 00 FF 00 FE 00 FF 00 FE 00 FF 00 FE 00 FF 00 00 00 00 00 FF 00 FF 00 FE 00 FF 01 FF 00 FF 00 FF 00 02 FE 00 FE 01 FF 00 00 FE 01 FE 00 FF 00 FE 00 FF 01 FF 00 FC 00 FF 03 FF 00 FF 00 FF 02 FE 00 FF 00 FF 00 FF 05 FF 00 FF 00 FF 00 01 00 FE 00 FF 00 00 FF 01 00 FF 00 FC 00 00 FF 00 FF 
[0;32mI (199050) control_pixhawk: Wrote 44 bytes[0m
FD 20 00 00 24 01 C8 4C 00 00 00 00 00 00 00 98 A5 46 00 00 00 00 00 00 00 00 00 00 00 00 00 00 00 00 00 00 00 00 90 01 01 01 2B 1E 
[0;32mI (199050) control_pixhawk: Read 280 bytes[0m
00 00 00 FF 00 00 FF 00 FF 00 FF 00 FE 00 FF 02 FF 01 FF 00 FF 00 FF 00 FF 00 00 FF 01 FE 00 FF 01 00 FF 00 00 00 FF 00 FF 00 00 FF 00 00 00 FF 00 FF 00 FF 00 FF 00 FF 00 FF 00 FF 00 FF 00 FE 00 FF 00 00 00 00 00 00 00 00 00 00 00 00 FF 00 00 00 FF 00 00 FF 00 FF 00 00 FF 00 FF 00 00 FF 00 00 FF 00 FF 00 FF 00 FF 00 00 FF 00 00 FF 00 FF 00 FF 00 FF 00 FE 00 FF 00 FF 00 FF 00 FF 00 01 FE 00 FE 00 FF 00 00 FF 00 00 FF 00 00 00 FF 00 FF 00 FF 00 00 00 00 00 FF 00 FF 00 FF 00 FE 00 FF 00 00 00 FF 00 FF 00 FF 00 00 00 FF 00 FF 00 FF 00 FF 00 FF 00 FF 00 FF 00 FF 00 FF 00 FF 00 00 FF 00 FE 00 FF 00 FE 00 FF 00 FF 00 FF 00 FF 00 FF 00 FF 00 FF 00 00 00 00 FF 00 00 FF 00 FE 00 FE 00 FF 00 00 FE 00 FF 00 FF 00 FE 00 FF 00 00 FF 00 FF 00 00 00 00 00 00 00 FF 00 FF 00 00 00 00 00 00 FF 00 FF 00 00 00 00 FF 00 FF 00 00 FF 00 FF 00 00 FF 00 
[0;32mI (204130) control_pixhawk: Wrote 44 bytes[0m
FD 20 00 00 25 01 C8 4C 00 00 00 00 00 00 00 98 A5 46 00 00 00 00 00 00 00 00 00 00 00 00 00 00 00 00 00 00 00 00 90 01 01 01 C5 54 
[0;32mI (204130) control_pixhawk: Read 280 bytes[0m
00 00 00 00 FF 00 00 00 00 FF 00 FF 00 00 FF 00 00 FF 00 00 00 00 FF 00 FF 00 00 00 00 00 FF 00 FF 00 00 00 00 FF 00 00 FF 00 00 00 00 00 FF 00 00 FF 00 FF 00 FF 00 00 00 00 00 00 00 FF 00 00 00 00 00 FF 00 00 00 00 00 00 00 FF 00 00 FF 00 00 FF 00 00 FF 00 00 00 00 00 00 00 FF 00 FF 00 FE 00 FF 00 00 00 00 00 00 FF 00 FF 00 00 FF 00 00 FF 00 00 FF 00 00 FF 00 00 00 00 FF 00 00 00 FF 00 00 00 00 FF 00 00 00 00 FF 00 FF 00 FF 00 FF 00 00 FF 00 FF 00 00 00 00 00 00 00 00 FF 00 00 00 FF 00 00 FF 00 00 00 00 00 00 00 FF 01 C8 4C 00 FF 00 00 00 00 FF 00 00 00 00 00 00 FF 00 00 FF 00 FF 00 FF 00 00 FF 00 FF 00 00 00 00 00 00 FF 00 FF 00 00 00 00 00 FF 00 FF 00 00 00 FF 00 00 00 00 00 FF 00 FF 00 00 00 FF 00 FF 00 00 00 FF 00 00 00 FF 00 00 FF 00 FF 00 00 00 00 00 00 00 00 00 00 FF 00 00 FF 00 00 00 00 00 00 00 FF 00 00 FF 00 00 00 FF 
[0;32mI (209210) control_pixhawk: Wrote 44 bytes[0m
FD 20 00 00 26 01 C8 4C 00 00 00 00 00 00 00 98 A5 46 00 00 00 00 00 00 00 00 00 00 00 00 00 00 00 00 00 00 00 00 90 01 01 01 F7 8B 
[0;32mI (209210) control_pixhawk: Read 280 bytes[0m
00 00 FF 00 00 FF 00 FF 00 00 FF 00 FF 00 FF 00 00 FF 00 FF 00 FF 00 00 00 00 00 FF 00 00 00 00 00 00 FF 00 00 FF 00 00 FF 00 FF 00 00 00 FF 00 00 FF 00 FF 00 00 00 00 FF 00 FF 00 FF 00 FF 00 FF 00 00 00 FF 00 00 FF 00 00 00 00 00 00 00 00 00 FF 00 00 00 FE 00 00 00 00 00 00 FF 00 00 00 00 FE 00 00 FF 00 FF 00 00 FF 00 00 00 00 00 FF 00 00 00 FF 00 FF 00 00 00 00 FF 00 00 FF 00 FF 00 00 FF 00 00 FF 00 FF 00 00 FF 00 00 00 00 00 00 00 FF 00 00 00 00 00 00 00 FF 00 00 00 FF 00 FF 00 FF 00 00 00 FE 00 00 FF 00 00 00 00 00 00 00 00 00 FF 00 FF 00 FF 00 00 FF 00 FF 00 00 00 00 00 FF 00 00 00 00 00 00 FF 00 00 FF 00 00 00 00 00 00 00 FF 00 00 00 00 00 00 00 00 00 00 00 00 00 FF 00 00 FF 00 FF 00 00 FF 00 FE 00 FF 00 00 00 00 00 FC 00 FF 00 00 00 00 00 00 00 FF 00 FF 00 FF 00 FF 00 FF 00 00 00 00 FF 00 00 FF 00 00 FF 00 00 00 FF 00 00 
[0;32mI (214290) control_pixhawk: Wrote 44 bytes[0m
FD 20 00 00 27 01 C8 4C 00 00 00 00 00 00 00 98 A5 46 00 00 00 00 00 00 00 00 00 00 00 00 00 00 00 00 00 00 00 00 90 01 01 01 19 C1 
[0;32mI (214290) control_pixhawk: Read 280 bytes[0m
FF 00 00 FF 00 FF 00 FF 00 FF 00 00 00 00 FF 01 FF 00 FF 00 00 FF 00 FF 00 00 00 FF 00 FE 00 00 FF 00 00 FE 00 FF 00 FF 00 FF 00 FF 00 FE 00 FF 00 FF 00 FF 00 FF 00 FF 00 00 FF 00 00 00 FF 00 00 00 FF 00 FF 00 00 FF 00 FF 00 FF 00 FE 00 FE 00 FF 00 FF 00 00 FF 00 FF 00 FF 00 FF 00 00 00 FF 00 FE 00 FE 00 00 00 00 FF 00 FE 00 FE 00 FF 00 FF 00 FF 00 FF 00 00 00 FF 00 00 FF 00 FF 00 00 00 FE 00 FE 00 FF 00 FF 00 FE 00 FF 00 FF 00 FF 00 00 00 FF 00 00 FF 00 FF 00 FF 00 FF 00 00 00 FF 00 FF 00 FF 00 FF 00 00 FF 00 FE 00 00 FF 00 FF 00 FF 00 00 FF 00 00 FE 00 00 FF 00 FE 00 FF 00 00 FF 00 00 00 FF 00 FE 00 FF 00 00 FF 00 00 FF 00 00 FF 00 FE 00 00 FF 00 FF 00 00 00 FF 00 00 FF 00 FF 00 FF 00 00 00 00 00 FF 00 FF 10 98 25 00 00 FF 00 00 00 FF 00 00 FF 00 00 FE 00 00 FF 00 FF 00 FF 00 FF 00 FE 00 00 00 FF 00 00 FF 00 00 FF 00 00 FF 00 
[0;32mI (219370) control_pixhawk: Wrote 44 bytes[0m
FD 20 00 00 28 01 C8 4C 00 00 00 00 00 00 00 98 A5 46 00 00 00 00 00 00 00 00 00 00 00 00 00 00 00 00 00 00 00 00 90 01 01 01 D0 7A 
[0;32mI (219370) control_pixhawk: Read 280 bytes[0m
FF 00 FF 00 FE 00 00 00 FF 00 FF 00 FF 00 FF 00 00 00 FF 00 FF 00 00 00 00 FF 00 FF 00 FF 00 FF 00 FF 00 FF 00 00 FF 00 FE 00 FF 00 FF 00 FF 00 FF 00 FF 00 FF 00 00 FF 00 00 FF 00 FF 00 FF 00 FF 01 FF 00 00 FF 00 FF 00 FF 00 FF 00 00 FF 00 00 FF 00 00 FF 00 FF 00 00 FF 00 FF 00 00 00 00 FF 00 00 FF 00 FF 00 00 FF 00 FF 00 FF 00 FF 00 FF 00 00 FF 00 FF 00 FF 00 FE 00 FF 00 00 00 FE 00 00 00 FF 00 FF 00 00 FF 00 00 00 00 FF 00 FF 00 00 FF 00 FF 00 00 00 FF 00 FF 00 FF 00 FF 00 FF 00 FE 00 00 FE 00 00 FE 00 00 00 00 FF 00 00 FF 00 00 00 FF 00 FE 00 00 FF 00 FE 00 FF 00 FF 00 FF 00 00 FF 01 FF 00 00 00 FF 00 FF 00 FE 00 FF 00 FF 00 00 FF 00 FE 00 FF 00 FF 00 FF 00 FF 00 FF 00 00 FF 00 FF 00 FF 00 FE 00 00 00 FF 00 FF 00 FF 00 FE 00 00 00 FF 00 FF 00 00 E2 F5 00 FF 00 00 FF 00 FF 00 FF 00 00 FF 00 00 00 FF 00 00 FF 00 FF 00 FF 00 FF 
[0;32mI (224450) control_pixhawk: Wrote 44 bytes[0m
FD 20 00 00 29 01 C8 4C 00 00 00 00 00 00 00 98 A5 46 00 00 00 00 00 00 00 00 00 00 00 00 00 00 00 00 00 00 00 00 90 01 01 01 3E 30 
[0;32mI (224450) control_pixhawk: Read 280 bytes[0m
00 FF 00 00 FE 00 00 FF 00 FF 00 00 FF 00 FF 00 00 00 FF 00 00 00 FE 00 00 FF 00 FF 00 FF 00 FF 00 00 00 FF 00 00 FF 00 FF 00 FF 00 FF 00 FF 00 00 FF 00 FE 00 00 00 00 FF 00 00 FF 00 FF 00 00 FF 00 FF 00 00 00 FF 00 FF 00 00 00 00 FF 00 00 FF 00 FF 00 00 FF 00 FF 00 00 00 00 00 00 FF 00 FF 00 FF 00 00 FF 00 FF 00 FF 00 00 FF 00 FF 00 FF 00 00 FF 00 FF 00 00 FF 00 FF 00 FF 00 FF 00 00 00 FF 00 FF 00 FF 00 00 00 FF 00 00 00 FF 00 FF 00 FF 00 FF 00 00 FF 00 FF 00 FF 00 00 00 FF 00 FF 00 FF 00 FF 00 00 FF 00 00 FF 00 00 00 00 FE 00 FF 00 FF 00 FF 00 FF FF 00 FF 00 00 00 00 FE 00 00 FF 00 FF 00 00 00 00 FF 00 FF 00 FF 00 FE 00 FF 00 FF 00 FF 00 00 00 00 FF 00 FF 00 00 00 FF 00 00 00 FF 00 00 FF 00 00 00 FF 00 FF 00 FF 00 FC 00 00 FF 00 FF 00 00 98 00 00 00 00 00 FF 00 FF 00 FF 00 FF 00 00 FF 00 FF 00 FF 00 FF 00 00 FF 00 00 FF 00 00 
[0;32mI (229530) control_pixhawk: Wrote 44 bytes[0m
FD 20 00 00 2A 01 C8 4C 00 00 00 00 00 00 00 98 A5 46 00 00 00 00 00 00 00 00 00 00 00 00 00 00 00 00 00 00 00 00 90 01 01 01 0C EF 
[0;32mI (229530) control_pixhawk: Read 280 bytes[0m
FF 00 00 00 00 FF 00 FF 00 FF 00 FF 00 FF 00 FE 00 FF 00 FF 00 FF 00 FF 00 FF 00 00 00 FF 00 FF 00 FF 00 FF 00 FF 00 FF 00 00 FF 00 00 00 FF 00 FF 00 FF 00 00 FF 00 FF 00 FE 00 FF 00 FF 00 00 FF 00 00 FF 00 00 FF 00 00 FF 00 FE 00 FF 00 FF 00 FF 00 FF 00 00 FF 00 FF 00 FF 00 FF 00 FF 00 FF 00 FF 00 FE 00 00 FF 00 FF 00 FF 00 00 FF 00 FF 00 00 00 00 FF 00 00 FF 00 00 00 FF 00 FF 00 FF 00 FF 00 FF 00 FF 00 FF 00 00 FF 00 FF 00 FF 00 FF 00 00 FF 00 FF 00 00 00 FF 00 FF 00 FF 00 FF 00 FF 00 00 00 FF 00 00 FF 00 00 00 FF 00 FF 00 FF 00 00 00 FF 00 FF 00 FF FE 00 00 FF 00 FF 00 00 FF 00 FF 00 00 FF 00 00 FF 00 FF 00 00 00 00 FF 00 FF 00 00 FF 00 FE 00 FE 00 FF 00 FF 00 FF 00 00 FF 00 FF 00 FF 00 FF 00 FF 00 FF 00 FF 00 FF 00 00 FF 00 00 FF 00 FF 00 FF 00 FF 00 FF 00 FE 00 FF 00 00 FF 00 00 20 98 05 00 FF 00 FF 00 00 FF 00 00 00 FF 00 
[0;32mI (234610) control_pixhawk: Wrote 44 bytes[0m
FD 20 00 00 2B 01 C8 4C 00 00 00 00 00 00 00 98 A5 46 00 00 00 00 00 00 00 00 00 00 00 00 00 00 00 00 00 00 00 00 90 01 01 01 E2 A5 
[0;32mI (234610) control_pixhawk: Read 280 bytes[0m
FF 00 FF 00 FF 00 FF 00 FF 00 00 FF 00 FF 00 FE 00 FF 00 FF 00 00 FF 00 FF 00 FF 00 FF 00 FF 00 FF 00 FF 00 FF 00 FF 00 00 FF 00 00 FF 00 FF 00 FF 00 FF 00 FF 00 FF 00 FE 00 FF 00 FF 00 FF 00 FF 00 FE 00 FE 00 FF 00 FF 00 FE 00 FF 00 00 00 FF 00 00 FF 00 FF 01 FF 00 FF 00 FF 00 FF 00 FF 00 00 FF 00 FF 00 FF 00 FF 00 FE 00 FF 00 FF 00 00 00 FF 00 FF 00 FF 00 FF 00 FF 00 00 FF 00 FE 00 FF 01 FF 00 FF 00 FF 00 FF 00 FF 00 FD 00 FF 00 FF 00 00 FE 00 FF 00 FF 00 FF 00 00 FF 00 00 00 FF 00 00 FF 00 FF 00 00 FF 00 FE 00 FF 00 FF 00 FF 01 FF 00 FF 00 FF 00 FF FF 00 FF 00 00 00 FF 00 FF 00 FF 00 FF 00 FF 00 FF 00 FF 00 FF 00 FF 00 FF 00 FE 00 FF 00 FF 00 FF 00 00 00 00 FF 00 FF 00 00 00 00 00 00 00 FF 00 FF 00 FF 00 00 FF 00 FF 00 FF 00 FF 00 FE 00 FF 00 FF 00 00 00 00 FF 00 FF 00 FF 00 FF 00 FF 00 FF 00 00 00 00 FF 00 FF 00 00 FF 00 00 
[0;32mI (239690) control_pixhawk: Wrote 44 bytes[0m
FD 20 00 00 2C 01 C8 4C 00 00 00 00 00 00 00 98 A5 46 00 00 00 00 00 00 00 00 00 00 00 00 00 00 00 00 00 00 00 00 90 01 01 01 79 59 
[0;32mI (239690) control_pixhawk: Read 280 bytes[0m
FF 00 FF 00 FE 00 00 FE 00 FF 00 FF 00 FF 00 00 FF 00 FE 00 FE 00 FF 00 FF 00 00 FF 00 FF 00 FF 00 FF 00 FF 00 FF 00 FF 00 00 00 FF 00 FF 00 FE 00 00 FF 00 FF 00 00 FF 00 FF 00 FF 00 FF 00 00 FF 00 00 00 00 FE 00 FF 00 FF 00 FF 00 FF 00 00 FF 00 FF 00 FF 00 00 FF 00 FF 00 FE 00 FF 00 00 00 FF 00 00 FF 00 FF 00 00 00 00 FF 00 FF 00 FF 00 01 00 FF 00 FF 00 FF 00 FF 00 FF 00 00 FF 00 FE 00 FF 00 FF 00 FE 00 FF 00 00 FF 00 00 00 FF 01 FF 00 FF 00 FF 00 FF 00 FF 00 FF 00 00 FF 00 FF 00 00 FF 00 00 FF 00 FF 00 00 FF 00 FF 00 FF 00 00 FF 00 00 FF 00 FF 00 FF 00 00 FF 00 00 FF 00 00 FF 00 FE 00 FF 00 FF 00 FE 00 00 FF 00 00 FF 00 FF 00 FE 01 00 FE 00 FF 00 FF 00 FF 00 FF 00 FF 00 FF 00 FF 00 FF 00 FF 00 FF 01 FF 00 FF 00 00 FF 00 00 FF 00 FF 00 00 FF 00 FF 00 00 FF 00 FF 00 FF 00 FF 00 FF 00 FF 00 00 FF 00 FE 00 00 00 00 00 00 FF 00 00 
[0;32mI (244770) control_pixhawk: Wrote 44 bytes[0m
FD 20 00 00 2D 01 C8 4C 00 00 00 00 00 00 00 98 A5 46 00 00 00 00 00 00 00 00 00 00 00 00 00 00 00 00 00 00 00 00 90 01 01 01 97 13 
[0;32mI (244770) control_pixhawk: Read 280 bytes[0m
FE 00 FF 00 00 00 FE 00 FF 00 00 FF 00 FF 00 00 FF 00 FE 00 FF 00 FF 00 FF 00 FF 00 FF 00 FF 00 FF 00 FF 00 00 00 FF 00 FF 00 FF 00 00 FF 00 00 00 FF 00 00 FF 00 FF 00 FF 00 FE 00 FF 00 FF 00 FF 00 FE 00 00 FF 00 FF 00 00 FF 00 FF 00 FE 00 00 FF 00 FF 00 FE 00 FE 00 00 FF 00 FF 00 00 FF 00 FF 00 FF 00 00 FF 00 00 FE 00 FF 00 FF 00 FF 00 00 FF 00 FF 00 FF 00 FF 00 00 FF 00 00 00 FF 00 00 00 FF 00 FF 00 FF 00 00 FF 00 FF 00 FF 00 00 FF 00 FF 00 FF 00 FF 00 FF 00 FF 00 00 FE 00 FF 00 FE 00 FF 00 FF 00 FF 00 FE 00 FF 00 FF 00 00 FF 00 FE 00 FF 00 FF 00 FF 00 FE 00 FF 00 FF 00 00 FF 00 FF 00 00 00 FF 00 FF 00 FF 00 FF 00 FF 00 00 00 FF 00 FF 00 FF 00 00 00 FF 00 FF 00 FF 00 00 00 00 00 00 FF 00 FF 00 FF 00 FF 00 FF 00 FF 00 FF 00 FF 01 FE 00 FF 00 FF 00 FF 00 00 00 FF 01 FC 00 FF 00 FF 00 FF 00 00 FF 01 FF 00 FE 00 FF 00 00 FF 00 00 
[0;32mI (249850) control_pixhawk: Wrote 44 bytes[0m
FD 20 00 00 2E 01 C8 4C 00 00 00 00 00 00 00 98 A5 46 00 00 00 00 00 00 00 00 00 00 00 00 00 00 00 00 00 00 00 00 90 01 01 01 A5 CC 
[0;32mI (249850) control_pixhawk: Read 280 bytes[0m
FF 00 FF 00 00 FF 00 FF 00 FF 00 FE 01 FF 00 FF 00 00 FF 00 FF 00 00 FF 00 FF 00 FF 00 FF 00 FF 00 FE 00 FE 01 FF 00 FF 00 00 FE 00 FF 00 00 FE 00 00 FF 01 FF 00 FF 00 FF 00 FF 00 FF 00 FF 00 FF 00 FF 00 FF 00 FF 00 FE 00 00 FF 00 FD 00 FE 00 FF 00 00 FF 00 00 00 FF 00 FF 00 FF 00 00 FF 00 00 00 00 FF 00 FF 00 FF 00 FF 00 FF 00 FF 00 FE 00 FF 00 00 FF 00 00 FF 00 FF 00 FE 00 FF 00 FF 00 FF 00 FF 00 FE 00 FF 00 00 01 FF 00 FF 00 FF 00 FF 00 FE 00 FE 00 FF 00 FF 00 FF 00 FF 00 FF 00 FE 00 FE 00 00 FF 00 00 FF 00 FF 00 FE 00 FF 00 FE 00 FF 00 FF 00 FD 00 00 FF 00 FF 00 FF 00 FF 00 FF 00 00 00 00 FE 00 FF 00 FF 00 00 00 FF 00 00 FF 00 FF 00 FF 00 FF 00 FF 00 00 FF 00 FF 00 FF 00 FF 00 FF 00 FF 00 00 00 FF 01 FF 00 FF 00 FF 00 FF 00 FE 00 FC 00 FF 00 00 FF 40 A5 08 00 FE 00 FF 00 FF 00 00 FF 00 FF 00 00 FE 00 FF 00 FF 00 FE 00 FF 00 
[0;32mI (254930) control_pixhawk: Wrote 44 bytes[0m
FD 20 00 00 2F 01 C8 4C 00 00 00 00 00 00 00 98 A5 46 00 00 00 00 00 00 00 00 00 00 00 00 00 00 00 00 00 00 00 00 90 01 01 01 4B 86 
[0;32mI (254930) control_pixhawk: Read 280 bytes[0m
FF 00 00 FF 00 FE 00 FF 00 FF 00 FF 00 FF 00 00 FE 00 FF 00 FE 00 FE 00 FF 00 FF 00 FF 00 FF 00 00 FE 00 FF 00 FF 00 FF 00 FF 00 FF 00 00 00 FF 00 FF 00 FF 00 FF 00 FF 00 00 FF 00 00 FF 00 FF 00 FF 00 FE 01 FF 00 FF 00 FF 00 FF 00 00 FF 00 FF 00 FF 00 00 FF 00 FF 00 FF 00 FF 00 FF 00 FF 00 FF 00 FF 00 00 FF 00 FF 00 FF 00 FF 00 FF 00 FF 00 00 00 00 00 FF 00 FF 00 FE 00 00 FF 00 FF 00 FF 00 FF 00 00 FF 00 FF 00 FF 00 FF 00 FF 00 FF 00 FF 00 FF 00 FF 00 00 00 FF 00 FF 00 FF 00 FF 00 FF 00 FF 00 00 FE 00 FF 00 FF 00 01 FE 00 FF 00 FF 00 FF 00 00 00 FF 00 FF 00 FF 00 FF 00 FF 00 FF 00 FF 00 FF 00 FF 00 FF 00 FF 00 FF 00 00 FF 00 FF 00 FF 00 FF 00 00 FF 00 00 FE 00 FE 00 FF 00 FF 00 FE 00 FF 00 FF 00 FF 00 FF 00 FF 00 00 00 FF 00 FF 00 FF 00 FF 00 FF 00 FF 00 FF 00 FF 00 FF 00 FF 00 FF 00 FF 00 FF 00 FE 00 00 FF 00 FF 00 FF 00 FF 00 
[0;32mI (260010) control_pixhawk: Wrote 44 bytes[0m
FD 20 00 00 30 01 C8 4C 00 00 00 00 00 00 00 98 A5 46 00 00 00 00 00 00 00 00 00 00 00 00 00 00 00 00 00 00 00 00 90 01 01 01 26 B3 
[0;32mI (260010) control_pixhawk: Read 280 bytes[0m
FF 00 FF 00 FF 00 FE 00 00 00 00 FF 00 FF 00 FF 00 00 FF 00 FF 00 FF 00 FF 00 FF FD 08 90 01 00 FF 00 00 FE 00 FF 00 FF 00 00 00 00 FE 00 FF 00 FF 00 00 FF 00 00 FF 00 FF 00 FF 00 FF 00 FF 00 FE 00 FF 00 FE 00 FF 00 FF 00 FF 00 00 00 00 FF 00 FF 00 FF 00 FF 00 FF 00 00 00 FF 00 FF 00 00 00 00 00 FF 00 FF 00 FF 00 FD 00 FF 00 FF 00 FF 00 FF 00 FF 00 00 FF 00 00 FF 00 FF 00 00 FF 00 FF 00 00 FF 00 FF 00 FF 00 FF 00 FF 00 FF 00 FE 00 00 00 FF 00 FF 00 FF 00 FF 00 FF 00 FF 00 00 FD 00 FF 00 FF 00 00 FF 00 FF 00 FF 00 FE 00 FF 00 FF 00 FF 00 FF 00 FE 00 FF 00 FF 00 FF 00 FF 00 00 FF 00 FF 00 FF 00 00 00 00 FF 00 FE 00 FF 00 FE 00 FE 00 00 00 00 00 FE 00 00 FF 01 FF 00 00 FF 00 FF 00 FF 00 FF 01 FF 00 00 FE 00 00 FF 00 FF 00 FF 00 00 00 FF 00 FE 00 00 FF 00 FF 00 FF 00 FF 00 FF 00 FF 00 FF 00 FF 00 FF 00 00 FF 00 FF 00 FF 00 FF 00 FF 
[0;32mI (265090) control_pixhawk: Wrote 44 bytes[0m
FD 20 00 00 31 01 C8 4C 00 00 00 00 00 00 00 98 A5 46 00 00 00 00 00 00 00 00 00 00 00 00 00 00 00 00 00 00 00 00 90 01 01 01 C8 F9 
[0;32mI (265090) control_pixhawk: Read 280 bytes[0m
00 FF 00 FF 00 00 FE 00 00 FF 00 FF 00 00 FF 00 00 00 FF 00 FF 00 00 FF 00 FF 00 00 FF 00 00 FF 00 FF 00 FF 00 00 00 FF 00 00 00 FF 00 FF 00 FF 00 00 FF 00 00 00 00 FF 00 FF 00 FF 00 FF 00 00 FF 00 00 FF 00 FF 00 00 00 00 FF 00 FF 00 FF 00 00 FF 00 FF 00 FF 00 FF 00 FF 00 FF 00 FF 00 FF 00 FF 00 00 FF 00 FF 00 FF 00 FF 00 FF 00 00 FF 00 00 00 FF 00 FF 00 00 FF 00 FF 00 FF 00 FF 00 FF 00 FF 00 FF 00 FF 00 FF 00 FF 00 FE 00 FE 00 00 FF 00 FF 00 FF 00 FF 00 FF 00 00 FF 00 FF 00 FF 00 00 00 FF 00 FF 00 FF 00 00 00 00 FF 00 FF 00 FF 00 00 FF 00 FF 00 00 FF 00 00 FE 00 FF 00 00 FF 00 FF 00 FF 00 00 FF 00 00 00 FF 00 00 FF 00 FF 00 FF 00 00 FF 00 FF 00 FF 00 FF 00 00 FF 00 00 FF 00 FF 00 FF 00 00 FE 00 00 FF 00 FF 00 FF 00 00 FE 00 00 00 FE 00 00 00 FF 00 FF 00 FF 00 00 00 FF 00 FF 00 FF 00 FF 00 FF 00 FF 00 00 FF 00 FF 00 FF 00 00 FF 
[0;32mI (270170) control_pixhawk: Wrote 44 bytes[0m
FD 20 00 00 32 01 C8 4C 00 00 00 00 00 00 00 98 A5 46 00 00 00 00 00 00 00 00 00 00 00 00 00 00 00 00 00 00 00 00 90 01 01 01 FA 26 
[0;32mI (270170) control_pixhawk: Read 280 bytes[0m
00 00 FF 00 FF 00 FF 00 FE 00 FF 00 FF 00 00 FE 00 FF 00 00 FE 00 FF 00 FF 00 00 FF 00 FE 00 FF 00 FF 00 FF 00 FF 00 FF 00 FF 00 FF 00 00 FF 00 FF 00 00 FF 00 00 FF 00 FF 00 FF 00 FF 00 FF 00 FE 00 FF 00 00 FF 00 FF 00 FF 00 FF 00 FF 00 FF 00 00 FF 00 FF 00 FE 00 FF 00 00 00 00 FF 00 FF 00 FF 00 FF 00 FF 00 FF 00 FF 00 00 FF 00 FF 00 00 FF 00 00 FF 00 FF 00 FF 00 00 00 FF 00 FF 00 FF 00 00 00 FF 00 FF 00 FF 00 00 00 00 00 FF 00 FE 00 FF 00 FF 00 FF 00 00 FF 00 FF 00 FF 00 FF 00 FF 00 FF 01 FF 00 FF 00 00 FF 00 FF 00 00 FF 00 FF 00 FF 00 FF 00 00 FF FE 00 FE 00 FE 00 FD 00 00 FF 00 FF 00 FF 00 FF 00 00 FF 00 FF 00 FF 00 FF 00 FF 00 FF 00 00 FE 00 FF 00 00 FF 00 00 00 FF 00 01 FF 00 FF 00 00 FF 00 FF 00 00 FF 00 00 FF 00 FE 00 FF 00 FF 00 00 FF 01 FF 00 FF 00 FF 80 00 00 FF 00 FF 00 FF 00 00 FF 00 FF 00 00 FF 00 00 FF 00 FF 00 FF 
[0;32mI (275250) control_pixhawk: Wrote 44 bytes[0m
FD 20 00 00 33 01 C8 4C 00 00 00 00 00 00 00 98 A5 46 00 00 00 00 00 00 00 00 00 00 00 00 00 00 00 00 00 00 00 00 90 01 01 01 14 6C 
[0;32mI (275250) control_pixhawk: Read 280 bytes[0m
00 FF 00 FF 00 FF 00 FF 00 00 FF 00 FF 00 00 FF 00 FF 00 FF 00 FF 00 FF 00 00 FF 00 FF 00 FF 00 00 00 FF 00 00 FF 00 00 FD 00 00 FF 00 00 FF 00 FF 00 FF 00 FF 00 00 00 FE 00 FF 00 FF 00 FE 00 00 FF 00 FF 00 FF 00 FF 00 00 FF 00 FF 00 FF 00 FF 00 FF 00 FF 00 FF 00 FF 00 00 FF 00 FF 00 FF 00 FF 00 FF 00 FF 00 FE 00 FF 00 FF 00 00 00 FF 00 FF 00 FF 00 FF 00 FF 00 00 FF 00 FF 00 FF 00 FF 00 FF 00 FF 00 FF 00 FF 00 FF 00 00 FF 00 FF 00 FF 00 FE 00 00 FF 00 00 FF 01 FF 00 FF 00 FF 00 00 FF 00 FF 00 FF 00 FF 00 FF 00 00 00 00 FE 00 FF 00 FF 00 FF 00 FF 00 FF FF 00 00 FF 00 00 FE 00 FF 00 00 FF 00 FF 00 01 FF 00 00 00 FF 00 FF 00 FF 00 FF 00 FE 00 FF 00 00 00 00 FF 00 FF 00 00 FE 00 00 00 00 FF 00 00 00 FF 00 FF 00 FF 00 FF 00 00 FF 00 FF 00 00 FF 00 00 00 FE 00 FF 00 FF 00 FF 00 FF 00 FF 00 FF 00 00 FF 00 FF 00 00 FE 00 FF 00 FF 00 FF 
[0;32mI (280330) control_pixhawk: Wrote 44 bytes[0m
FD 20 00 00 34 01 C8 4C 00 00 00 00 00 00 00 98 A5 46 00 00 00 00 00 00 00 00 00 00 00 00 00 00 00 00 00 00 00 00 90 01 01 01 8F 90 
[0;32mI (280330) control_pixhawk: Read 280 bytes[0m
00 FE 00 FF 00 FE 00 FF 00 FF 00 FF 00 FF 00 00 00 00 00 00 FF 00 FF 00 FF 00 FF 00 FF 00 FF 00 FF 00 00 00 FF 00 00 FF 00 FE 00 FF 00 00 FF 00 FF 00 FF 00 FE 00 FE 00 FF 00 FF 00 FF 00 FF 00 00 00 FF 00 00 FF 00 FF 00 FF 00 00 FF 00 FF 00 FF 00 00 FF 00 FE 00 FF 00 FF 00 FF 00 FF 00 FF 00 00 FF 00 00 FF 00 FF 00 00 00 00 FE 00 FF 00 FF 00 FF 00 FE 00 FF 00 FF 00 FF 00 FF 00 FF 00 FF 00 FF 00 FF 00 FE 00 FF 00 FE 00 FF 00 00 FF 00 FF 00 00 00 FF 00 FF 00 00 00 FF 00 FF 00 FF 00 FF 00 FF 00 00 FF 00 FF 00 FF 00 FF 00 FF 00 FF 00 FF 00 FF 00 FF 00 FF 00 FF 00 FE 00 FF 00 FF 00 FF 00 FF 00 00 00 FF 00 00 FF 00 00 FF 00 FE 00 FF 00 FF 00 00 FE 00 FF 00 FF 00 FF 00 FF 00 FF 00 FF 00 FE 00 FF 00 FF 00 FF 00 FE 00 FF 00 00 FF 00 00 FF 00 FE 00 00 FF 01 00 FF 00 FE 00 00 00 00 FF 00 FF 00 FF 00 FF 00 FF 00 FF 00 FF 00 FF 00 FF 00 FF 00 
[0;32mI (285410) control_pixhawk: Wrote 44 bytes[0m
FD 20 00 00 35 01 C8 4C 00 00 00 00 00 00 00 98 A5 46 00 00 00 00 00 00 00 00 00 00 00 00 00 00 00 00 00 00 00 00 90 01 01 01 61 DA 
[0;32mI (285410) control_pixhawk: Read 280 bytes[0m
FF 00 FF 00 FF 00 FF 00 FF 00 FF 00 FF 00 00 FF 00 FF 00 FF 00 00 FE 00 FF 00 00 FF 00 FF 00 00 FF 00 FF 00 FE 00 FF 00 00 00 FF 00 00 FF 00 00 FF 00 FF 00 FE 00 FF 00 FF 00 FF 00 FF 00 FF 00 FF 00 FF 00 FF 00 FF 00 FF 00 00 FF 00 FF 00 FF 00 FF 00 FE 01 FF 00 00 00 FF 00 FF 00 FF 00 FF 00 00 00 FF 00 FF 00 FE 00 FF 00 FF 00 FF 00 FF 00 FE 00 FF 00 FF 00 FF 00 00 FF 00 FF 00 FF 00 FE 00 00 FF 00 FF 00 00 FF 00 FF 00 FF 00 FF 00 00 FE 00 FF 00 FF 00 FD 00 FE 00 FE 00 FE 00 FE 00 FF 00 FF 00 FF 00 FF 00 FE 00 FF 00 FF 00 FF 00 FF 00 FF 00 FF 00 FF 00 FE FF 00 FF 00 00 FF 00 FF 00 FE 00 FF 00 FF 00 00 FF 00 00 FF 00 00 FF 00 FE 00 FF 00 00 FF 00 FD 00 FF 00 FF 00 FF 00 FF 00 FF 00 FF 00 FE 00 FF 00 FF 00 FF 00 FF 00 FE 00 00 FF 00 FF 00 00 00 FF 00 00 00 FF 53 C8 4C 00 00 FF 00 FF 00 FF 00 00 00 00 00 FE 00 FF 00 FF 00 FF 00 FE 00 
[0;32mI (290490) control_pixhawk: Wrote 44 bytes[0m
FD 20 00 00 36 01 C8 4C 00 00 00 00 00 00 00 98 A5 46 00 00 00 00 00 00 00 00 00 00 00 00 00 00 00 00 00 00 00 00 90 01 01 01 53 05 
[0;32mI (290490) control_pixhawk: Read 280 bytes[0m
FF 00 FF 00 FF 00 FE 00 FF 00 FE 00 00 00 FF 00 FE 00 00 FF 00 FE 00 FF 00 FF 00 FF 00 FF 00 FF 00 00 00 00 FF 00 00 FF 00 00 FF 00 00 FF 00 FF 00 FF 00 00 FF 00 FF 00 00 00 FE 00 00 FF 00 FF 00 FF 00 FF 00 FF 00 FF 00 FF 00 FF 00 FF 00 00 00 FF 00 FF 00 FF 00 FF 00 FF 00 FF 00 FF 00 FF 00 00 FF 00 00 00 FF 00 00 00 FF 00 00 00 FF 00 00 FF 00 00 FF 00 00 FF 00 FF 00 FF 00 FF 00 FE 00 FF 00 FF 00 FF 00 FF 00 FF 00 FE 00 FE 00 FF 00 00 FF 00 FF 00 FF 00 FF 00 FF 00 FF 00 FF 00 FF 00 FF 00 FF 00 FF 00 00 FF 00 FF 00 FE 00 FF 00 FF 00 FF 00 FF 00 00 FF 00 FF 00 FE 00 00 FF 00 00 FF 00 00 FE 00 FF 00 FF 00 FF 00 FF 00 00 00 FF 00 FF 00 FF 00 FF 00 FF 00 00 FF 00 FF 00 FE 00 FF 00 00 FF 00 FF 00 FF 00 00 00 FF 00 FF 00 FF 00 FF 00 FF 00 FF 00 00 00 FF 00 FF 00 FF 00 FF 00 FF 00 FF 00 FF 00 FF 00 00 FF 00 FF 00 FE 00 FF 00 FE 00 FF 00 
[0;32mI (295570) control_pixhawk: Wrote 44 bytes[0m
FD 20 00 00 37 01 C8 4C 00 00 00 00 00 00 00 98 A5 46 00 00 00 00 00 00 00 00 00 00 00 00 00 00 00 00 00 00 00 00 90 01 01 01 BD 4F 
[0;32mI (295570) control_pixhawk: Read 280 bytes[0m
00 FF 00 FF 00 00 FF 00 FF 00 FE 00 FF 00 FF 00 00 00 00 FF 02 00 00 00 FF 00 00 FE 00 00 FF 00 FF 00 FF 00 00 00 00 FE 00 FF 00 00 00 FF 00 00 FF 00 FF 00 FF 00 00 00 00 FF 00 00 00 00 00 FF 00 FE 00 FF 00 FF 00 FF 00 FF 00 FF 00 FF 00 FE 00 FF 00 FF 00 FF 00 FF 00 FF 00 FF 00 FF 00 FF 00 FF 00 FE 00 00 FE 00 FF 00 FF 00 FF 00 FF 00 00 00 FF 01 FF 00 FF 00 FF 00 FF 00 FF 00 FF 00 FF 00 FF 00 FF 00 FF 00 FE 00 00 FE 00 00 FF 00 00 FF 00 FF 00 FE 00 FF 00 00 FF 00 FF 00 FF 00 FF 00 FF 00 00 FF 00 FF 00 FF 00 FE 00 FF 00 00 00 FF 00 00 FF 00 FF 00 00 FF 00 FF 00 FF 00 FE 00 FF 00 00 00 00 FF 00 FF 00 FF 00 FE 00 FF 00 FF 00 FF 00 FF 00 FE 00 FE 00 FF 00 FF 00 FF 00 00 FE 00 FF 00 FF 00 00 FF 00 FF 00 FE 00 FF 00 FF 00 FF 00 FF 00 00 FE 00 00 FF 00 FF 00 FF 00 FF 00 FF 00 FF 00 00 00 00 FF 00 FF 00 FF 00 00 00 FF 00 00 00 FF 00 FF 
[0;32mI (300650) control_pixhawk: Wrote 44 bytes[0m
FD 20 00 00 38 01 C8 4C 00 00 00 00 00 00 00 98 A5 46 00 00 00 00 00 00 00 00 00 00 00 00 00 00 00 00 00 00 00 00 90 01 01 01 74 F4 
[0;32mI (300650) control_pixhawk: Read 280 bytes[0m
00 00 FF 00 FE 00 FF 00 00 00 00 FF 00 FF 00 FE 00 FF 00 FF 00 FF 00 FF 00 FF 00 FE 00 FF 01 FE 00 00 00 FF 00 FF 00 00 FF 00 FF 00 FF 00 FC 00 FF 00 FF 00 FF 00 FF 00 FE 00 FF 00 FF 00 FF 00 00 FF 00 FF 00 FF 00 00 00 FF 00 FF 00 FF 00 FF 00 FE 00 FF 00 FF 00 FF 00 FF 00 FF 00 FF 00 FF 00 FF 00 FF 00 FE 00 FF 00 00 FE 00 FF 00 FE 00 FE 00 00 FF 00 00 FF 00 00 FF 00 00 00 FF 00 FF 00 FF 00 00 FF 00 FF 00 FF 00 00 FF 00 00 FF 00 FF 00 00 FF 00 FF 00 00 00 FF 00 FF 00 FF 00 FE 00 FF 00 FF 00 FF 00 FF 00 FF 00 FE 00 FF 00 FF 00 FF 00 00 FF 00 FF 00 FF FF 00 FF 00 00 FF 00 00 FF 00 FE 01 FF 00 FF 00 FF 00 FF 00 00 FF 00 00 00 FF 00 00 FE 00 00 FF 00 00 FF 00 FF 00 FF 00 00 FF 01 FE 00 00 00 00 FF 00 FE 00 00 00 FF 00 00 00 00 00 00 FF 00 00 FF 00 FF 00 00 00 FF 00 FF 00 00 00 00 FF 00 FF 00 FF 00 FF 00 FF 00 FF 00 FE 00 FF 00 FF 00 
[0;32mI (305730) control_pixhawk: Wrote 44 bytes[0m
FD 20 00 00 39 01 C8 4C 00 00 00 00 00 00 00 98 A5 46 00 00 00 00 00 00 00 00 00 00 00 00 00 00 00 00 00 00 00 00 90 01 01 01 9A BE 
[0;32mI (305730) control_pixhawk: Read 280 bytes[0m
FF 00 FF 00 FF 00 FF 00 00 FE 00 00 FF 00 00 00 FF 00 FF 00 FF 00 FF 00 FF 00 FF 00 FF 00 FF 00 00 FF 00 00 FF 00 FF 00 00 00 00 FF 00 FF 00 00 FF 00 FF 00 FF 00 FF 00 FF 00 FF 00 FF 00 FF 00 FF 00 FF 00 FF 00 00 FF 00 FF 00 FF 00 00 FF 00 00 FF 00 FF 00 00 00 FF 00 FE 00 FF 00 FF 00 FF 00 FF 00 FF 00 00 00 00 FF 00 FF 00 FF 00 FE 00 00 FF 00 FF 00 FF 00 FF 00 FF 00 00 FF 00 FF 00 FF 00 FF 00 FE 00 FF 00 00 00 FE 00 FF 00 FF 00 00 FF 00 FF 00 00 00 00 FE 00 00 FF 00 FF 00 FF 00 FE 00 FF 00 FF 00 FF 00 FF 00 FE 00 FF 00 FF 00 FF 00 FF 00 FE 00 FF 00 FF FE 00 00 FF 00 FF 00 FE 00 FF 00 00 FE 00 FF 00 00 FF 00 00 FF 00 FF 00 FF 00 FF 00 FE 00 00 FF 00 FF 00 FF 00 FF 00 FF 00 FF 00 FF 00 FF 00 FF 00 00 FE 00 FF 00 FF 00 FF 00 FF 00 FF 00 FF 00 00 00 01 01 FF 00 00 FF 00 FF 00 FF 00 FF 00 FF 00 FF 00 FF 00 FF 00 00 FF 00 FF 00 FF 00 
[0;32mI (310810) control_pixhawk: Wrote 44 bytes[0m
FD 20 00 00 3A 01 C8 4C 00 00 00 00 00 00 00 98 A5 46 00 00 00 00 00 00 00 00 00 00 00 00 00 00 00 00 00 00 00 00 90 01 01 01 A8 61 
[0;32mI (310810) control_pixhawk: Read 280 bytes[0m
FF 00 FE 00 FF 00 00 FF 00 FF 00 00 FF 00 FF 00 FE 00 FF 00 FF 00 00 00 FF 00 00 FC 00 FE 00 00 00 FF 00 00 FE 00 FE 00 FF 00 00 FF 00 FE 00 FF 00 FE 00 FF 00 00 00 00 FF 00 FF 00 FF 00 FF 00 00 00 FF 00 FE 00 FF 00 FF 00 FE 00 FF 00 FF 00 FF 00 FF 00 FF 00 FF 00 FF 00 FF 00 FF 00 FF 00 00 00 FF 00 FF 00 FF 00 FF 00 00 FF 00 00 FF 00 FF 00 FE 00 FF 00 00 00 FF 00 FF 00 FF 00 FE 00 00 FF 00 FF 00 FF 00 00 00 FF 00 00 00 FF 00 FE 00 FF 00 FF 00 FF 00 FE 00 00 FF 00 00 FF 00 00 FF 00 FF 00 FF 00 FF 00 FF 00 FF 00 00 FF 00 00 FF 00 FF 00 FF 00 FE 00 FE 00 FE 00 FF 00 FF 00 FF 00 00 FF 00 FF 00 FF 00 FF 00 FF 00 FF 00 00 00 00 FF 00 00 00 FE 00 00 FF 00 FF 00 00 FF 00 00 FF 00 00 FF 00 00 FE 00 FF 00 FF 00 FE 00 FF 00 FF 00 FF 00 00 00 FF 00 FE 00 FF 00 FF 00 00 FF 00 00 00 00 FF 00 FF 00 00 FF 00 FF 00 FF 00 FF 00 FF 00 FF 00 FF 00 
[0;32mI (315890) control_pixhawk: Wrote 44 bytes[0m
FD 20 00 00 3B 01 C8 4C 00 00 00 00 00 00 00 98 A5 46 00 00 00 00 00 00 00 00 00 00 00 00 00 00 00 00 00 00 00 00 90 01 01 01 46 2B 
[0;32mI (315890) control_pixhawk: Read 280 bytes[0m
